// Vitest Snapshot v1, https://vitest.dev/guide/snapshot.html

exports[`CandidateDistributionDataBuilder — snapshot > matches the per-step candidate distribution snapshot 1`] = `
[
  {
    "candidates": [
      {
        "chord": "vi",
        "edgeId": "I->vi",
        "probability": 0.5895958242370525,
        "score": 3.878,
        "selected": true,
      },
      {
        "chord": "IV",
        "edgeId": "I->IV",
        "probability": 0.143706150309469,
        "score": 2.748666666666667,
        "selected": false,
      },
      {
        "chord": "ii",
        "edgeId": "I->ii",
        "probability": 0.10601747353015531,
        "score": 2.5053333333333336,
        "selected": false,
      },
      {
        "chord": "iii",
        "edgeId": "I->iii",
        "probability": 0.0833268304723465,
        "score": 2.3126666666666664,
        "selected": false,
      },
      {
        "chord": "bVII",
        "edgeId": "I->bVII",
        "probability": 0.03974854930790446,
        "score": 1.72050886924129,
        "selected": false,
      },
      {
        "chord": "V",
        "edgeId": "I->V",
        "probability": 0.025540631898398624,
        "score": 1.366666666666667,
        "selected": false,
      },
      {
        "chord": "V7",
        "edgeId": "I->V7",
        "probability": 0.012064540244673752,
        "score": 0.7666666666666667,
        "selected": false,
      },
    ],
    "current": "I",
    "stepIndex": 0,
  },
  {
    "candidates": [
      {
        "chord": "ii",
        "edgeId": "vi->ii",
        "probability": 0.4919436245767321,
        "score": 3.498666666666667,
        "selected": true,
      },
      {
        "chord": "IV",
        "edgeId": "vi->IV",
        "probability": 0.2873968823271392,
        "score": 3.068666666666667,
        "selected": false,
      },
      {
        "chord": "V",
        "edgeId": "vi->V",
        "probability": 0.09384997147281576,
        "score": 2.173333333333333,
        "selected": false,
      },
      {
        "chord": "I",
        "edgeId": "vi->I",
        "probability": 0.08247793412385632,
        "score": 2.0700000000000003,
        "selected": false,
      },
      {
        "chord": "V7",
        "edgeId": "vi->V7",
        "probability": 0.044331587499456565,
        "score": 1.573333333333333,
        "selected": false,
      },
    ],
    "current": "vi",
    "stepIndex": 1,
  },
  {
    "candidates": [
      {
        "chord": "V7",
        "edgeId": "ii->V7",
        "probability": 0.5870817118483053,
        "score": 4.867581080740318,
        "selected": false,
      },
      {
        "chord": "V",
        "edgeId": "ii->V",
        "probability": 0.40349496632759113,
        "score": 4.567581080740318,
        "selected": true,
      },
      {
        "chord": "IV",
        "edgeId": "ii->IV",
        "probability": 0.009423321824103627,
        "score": 1.5620000000000003,
        "selected": false,
      },
    ],
    "current": "ii",
    "stepIndex": 2,
  },
  {
    "candidates": [
      {
        "chord": "I",
        "edgeId": "V->I",
        "probability": 0.9718020565940586,
        "score": 7.448677931399736,
        "selected": true,
      },
      {
        "chord": "vi",
        "edgeId": "V->vi",
        "probability": 0.026875938013708432,
        "score": 4.57834133174524,
        "selected": false,
      },
      {
        "chord": "bVII",
        "edgeId": "V->bVII",
        "probability": 0.0009229078784510625,
        "score": 1.8811755359079558,
        "selected": false,
      },
      {
        "chord": "V7",
        "edgeId": "V->V7",
        "probability": 0.00023184290367568559,
        "score": 0.7759999999999994,
        "selected": false,
      },
      {
        "chord": "IV",
        "edgeId": "V->IV",
        "probability": 0.00016725461010599522,
        "score": 0.514765807851898,
        "selected": false,
      },
    ],
    "current": "V",
    "stepIndex": 3,
  },
  {
    "candidates": [
      {
        "chord": "vi",
        "edgeId": "I->vi",
        "probability": 0.467896502044726,
        "score": 3.508,
        "selected": false,
      },
      {
        "chord": "IV",
        "edgeId": "I->IV",
        "probability": 0.18110563056392637,
        "score": 2.748666666666667,
        "selected": false,
      },
      {
        "chord": "iii",
        "edgeId": "I->iii",
        "probability": 0.15666040784567423,
        "score": 2.6326666666666663,
        "selected": true,
      },
      {
        "chord": "ii",
        "edgeId": "I->ii",
        "probability": 0.08413425431662279,
        "score": 2.1353333333333335,
        "selected": false,
      },
      {
        "chord": "bVII",
        "edgeId": "I->bVII",
        "probability": 0.07473011886509656,
        "score": 2.04050886924129,
        "selected": false,
      },
      {
        "chord": "V",
        "edgeId": "I->V",
        "probability": 0.020268753329005785,
        "score": 0.9966666666666669,
        "selected": false,
      },
      {
        "chord": "V7",
        "edgeId": "I->V7",
        "probability": 0.0152043330349483,
        "score": 0.7666666666666667,
        "selected": false,
      },
    ],
    "current": "I",
    "stepIndex": 4,
  },
  {
    "candidates": [
      {
        "chord": "ii",
        "edgeId": "iii->ii",
        "probability": 0.3562097779984578,
        "score": 2.6333333333333337,
        "selected": true,
      },
      {
        "chord": "vi",
        "edgeId": "iii->vi",
        "probability": 0.3462588054260083,
        "score": 2.6106666666666665,
        "selected": false,
      },
      {
        "chord": "IV",
        "edgeId": "iii->IV",
        "probability": 0.2975314165755339,
        "score": 2.489333333333333,
        "selected": false,
      },
    ],
    "current": "iii",
    "stepIndex": 5,
  },
  {
    "candidates": [
      {
        "chord": "V7",
        "edgeId": "ii->V7",
        "probability": 0.6870166587445793,
        "score": 4.867581080740318,
        "selected": true,
      },
      {
        "chord": "V",
        "edgeId": "ii->V",
        "probability": 0.29733472977836056,
        "score": 4.197581080740318,
        "selected": false,
      },
      {
        "chord": "IV",
        "edgeId": "ii->IV",
        "probability": 0.015648611477060176,
        "score": 1.842,
        "selected": false,
      },
    ],
    "current": "ii",
    "stepIndex": 6,
  },
  {
    "candidates": [
      {
        "chord": "I",
        "edgeId": "V7->I",
        "probability": 0.9707707592554217,
        "score": 7.540677931399735,
        "selected": true,
      },
      {
        "chord": "vi",
        "edgeId": "V7->vi",
        "probability": 0.029229240744578232,
        "score": 4.738341331745239,
        "selected": false,
      },
    ],
    "current": "V7",
    "stepIndex": 7,
  },
]
`;
