// Vitest Snapshot v1, https://vitest.dev/guide/snapshot.html

exports[`V9.9 — factor contribution data snapshot > matches the per-step selected-candidate factor breakdowns 1`] = `
[
  {
    "contributions": [
      {
        "explanation": "affinity 0.60, circleDist 3 (proximity 0.50), stabilityx1.12 → 1.29",
        "factorId": "harmonicGravity",
        "rawScore": 1.288,
        "weightedScore": 1.288,
      },
      {
        "explanation": "predicted 0.15 vs target 0.20 (err 0.05) → 1.35",
        "factorId": "tensionFit",
        "rawScore": 1.35,
        "weightedScore": 1.35,
      },
      {
        "explanation": "tonic in beginning zone → 1.00",
        "factorId": "phraseFit",
        "rawScore": 1,
        "weightedScore": 1,
      },
      {
        "explanation": "cadenceStrength 0.00 × pressure 0.00 → 0.00",
        "factorId": "cadenceFit",
        "rawScore": 0,
        "weightedScore": 0,
      },
      {
        "explanation": "played 0× → 0.30",
        "factorId": "novelty",
        "rawScore": 0.3,
        "weightedScore": 0.24,
      },
      {
        "explanation": "expected move (no surprise cost)",
        "factorId": "surprise",
        "rawScore": 0,
        "weightedScore": 0,
      },
      {
        "explanation": "folk_stable: combined weight 1.00 → ln 0.00",
        "factorId": "style",
        "rawScore": 0,
        "weightedScore": 0,
      },
      {
        "explanation": "no memory pull",
        "factorId": "memory",
        "rawScore": 0,
        "weightedScore": 0,
      },
    ],
    "from": "I",
    "stepIndex": 0,
    "to": "vi",
  },
  {
    "contributions": [
      {
        "explanation": "affinity 0.65, circleDist 1 (proximity 0.83), stabilityx1.12 → 1.56",
        "factorId": "harmonicGravity",
        "rawScore": 1.558667,
        "weightedScore": 1.558667,
      },
      {
        "explanation": "predicted 0.50 vs target 0.50 (err 0.00) → 1.50",
        "factorId": "tensionFit",
        "rawScore": 1.5,
        "weightedScore": 1.5,
      },
      {
        "explanation": "predominant in beginning zone → 0.20",
        "factorId": "phraseFit",
        "rawScore": 0.2,
        "weightedScore": 0.2,
      },
      {
        "explanation": "cadenceStrength 0.00 × pressure 0.00 → 0.00",
        "factorId": "cadenceFit",
        "rawScore": 0,
        "weightedScore": 0,
      },
      {
        "explanation": "played 0× → 0.30",
        "factorId": "novelty",
        "rawScore": 0.3,
        "weightedScore": 0.24,
      },
      {
        "explanation": "expected move (no surprise cost)",
        "factorId": "surprise",
        "rawScore": 0,
        "weightedScore": 0,
      },
      {
        "explanation": "folk_stable: combined weight 1.00 → ln 0.00",
        "factorId": "style",
        "rawScore": 0,
        "weightedScore": 0,
      },
      {
        "explanation": "no memory pull",
        "factorId": "memory",
        "rawScore": 0,
        "weightedScore": 0,
      },
    ],
    "from": "vi",
    "stepIndex": 1,
    "to": "ii",
  },
  {
    "contributions": [
      {
        "explanation": "affinity 0.80, circleDist 1 (proximity 0.83), stabilityx1.12 → 1.81",
        "factorId": "harmonicGravity",
        "rawScore": 1.810667,
        "weightedScore": 1.810667,
      },
      {
        "explanation": "predicted 0.70 vs target 0.85 (err 0.15) → 1.05",
        "factorId": "tensionFit",
        "rawScore": 1.05,
        "weightedScore": 1.05,
      },
      {
        "explanation": "dominant in pre_cadential zone → 1.00",
        "factorId": "phraseFit",
        "rawScore": 1,
        "weightedScore": 1,
      },
      {
        "explanation": "cadenceStrength 0.00 × pressure 0.70 → 0.00",
        "factorId": "cadenceFit",
        "rawScore": 0,
        "weightedScore": 0,
      },
      {
        "explanation": "played 0× → 0.30",
        "factorId": "novelty",
        "rawScore": 0.3,
        "weightedScore": 0.24,
      },
      {
        "explanation": "expected move (no surprise cost)",
        "factorId": "surprise",
        "rawScore": 0,
        "weightedScore": 0,
      },
      {
        "explanation": "folk_stable: combined weight 1.68 → ln 0.52",
        "factorId": "style",
        "rawScore": 0.518794,
        "weightedScore": 0.466914,
      },
      {
        "explanation": "no memory pull",
        "factorId": "memory",
        "rawScore": 0,
        "weightedScore": 0,
      },
    ],
    "from": "ii",
    "stepIndex": 2,
    "to": "V",
  },
  {
    "contributions": [
      {
        "explanation": "affinity 0.90, circleDist 1 (proximity 0.83), stabilityx1.12 → 1.98",
        "factorId": "harmonicGravity",
        "rawScore": 1.978667,
        "weightedScore": 1.978667,
      },
      {
        "explanation": "predicted 0.10 vs target 0.10 (err 0.00) → 1.50",
        "factorId": "tensionFit",
        "rawScore": 1.5,
        "weightedScore": 1.5,
      },
      {
        "explanation": "tonic in ending zone → 1.00",
        "factorId": "phraseFit",
        "rawScore": 1,
        "weightedScore": 1,
      },
      {
        "explanation": "cadenceStrength 0.85 × pressure 1.00 + approach bonus → 1.79",
        "factorId": "cadenceFit",
        "rawScore": 1.79,
        "weightedScore": 2.148,
      },
      {
        "explanation": "played 1× → -0.35",
        "factorId": "novelty",
        "rawScore": -0.35,
        "weightedScore": -0.28,
      },
      {
        "explanation": "expected move (no surprise cost)",
        "factorId": "surprise",
        "rawScore": 0,
        "weightedScore": 0,
      },
      {
        "explanation": "folk_stable: combined weight 2.88 → ln 1.06",
        "factorId": "style",
        "rawScore": 1.05779,
        "weightedScore": 0.952011,
      },
      {
        "explanation": "familiar (+0.25)",
        "factorId": "memory",
        "rawScore": 0.25,
        "weightedScore": 0.15,
      },
    ],
    "from": "V",
    "stepIndex": 3,
    "to": "I",
  },
  {
    "contributions": [
      {
        "explanation": "affinity 0.45, circleDist 4 (proximity 0.33), stabilityx1.12 → 0.94",
        "factorId": "harmonicGravity",
        "rawScore": 0.942667,
        "weightedScore": 0.942667,
      },
      {
        "explanation": "predicted 0.25 vs target 0.20 (err 0.05) → 1.35",
        "factorId": "tensionFit",
        "rawScore": 1.35,
        "weightedScore": 1.35,
      },
      {
        "explanation": "mediant in beginning zone → 0.30",
        "factorId": "phraseFit",
        "rawScore": 0.3,
        "weightedScore": 0.3,
      },
      {
        "explanation": "cadenceStrength 0.00 × pressure 0.00 → 0.00",
        "factorId": "cadenceFit",
        "rawScore": 0,
        "weightedScore": 0,
      },
      {
        "explanation": "played 0× → 0.30",
        "factorId": "novelty",
        "rawScore": 0.3,
        "weightedScore": 0.24,
      },
      {
        "explanation": "cost 0.20 × 1.00 (budget 5.00/5) → -0.20",
        "factorId": "surprise",
        "rawScore": -0.2,
        "weightedScore": -0.2,
      },
      {
        "explanation": "folk_stable: combined weight 1.00 → ln 0.00",
        "factorId": "style",
        "rawScore": 0,
        "weightedScore": 0,
      },
      {
        "explanation": "no memory pull",
        "factorId": "memory",
        "rawScore": 0,
        "weightedScore": 0,
      },
    ],
    "from": "I",
    "stepIndex": 4,
    "to": "iii",
  },
  {
    "contributions": [
      {
        "explanation": "affinity 0.50, circleDist 2 (proximity 0.67), stabilityx1.12 → 1.21",
        "factorId": "harmonicGravity",
        "rawScore": 1.213333,
        "weightedScore": 1.213333,
      },
      {
        "explanation": "predicted 0.50 vs target 0.50 (err 0.00) → 1.50",
        "factorId": "tensionFit",
        "rawScore": 1.5,
        "weightedScore": 1.5,
      },
      {
        "explanation": "predominant in beginning zone → 0.20",
        "factorId": "phraseFit",
        "rawScore": 0.2,
        "weightedScore": 0.2,
      },
      {
        "explanation": "cadenceStrength 0.00 × pressure 0.00 → 0.00",
        "factorId": "cadenceFit",
        "rawScore": 0,
        "weightedScore": 0,
      },
      {
        "explanation": "played 1× → -0.35",
        "factorId": "novelty",
        "rawScore": -0.35,
        "weightedScore": -0.28,
      },
      {
        "explanation": "cost 0.15 × 1.00 (budget 5.00/5) → -0.15",
        "factorId": "surprise",
        "rawScore": -0.15,
        "weightedScore": -0.15,
      },
      {
        "explanation": "folk_stable: combined weight 1.00 → ln 0.00",
        "factorId": "style",
        "rawScore": 0,
        "weightedScore": 0,
      },
      {
        "explanation": "familiar (+0.25)",
        "factorId": "memory",
        "rawScore": 0.25,
        "weightedScore": 0.15,
      },
    ],
    "from": "iii",
    "stepIndex": 5,
    "to": "ii",
  },
  {
    "contributions": [
      {
        "explanation": "affinity 0.80, circleDist 1 (proximity 0.83), stabilityx1.12 → 1.81",
        "factorId": "harmonicGravity",
        "rawScore": 1.810667,
        "weightedScore": 1.810667,
      },
      {
        "explanation": "predicted 0.90 vs target 0.85 (err 0.05) → 1.35",
        "factorId": "tensionFit",
        "rawScore": 1.35,
        "weightedScore": 1.35,
      },
      {
        "explanation": "dominant in pre_cadential zone → 1.00",
        "factorId": "phraseFit",
        "rawScore": 1,
        "weightedScore": 1,
      },
      {
        "explanation": "cadenceStrength 0.00 × pressure 0.70 → 0.00",
        "factorId": "cadenceFit",
        "rawScore": 0,
        "weightedScore": 0,
      },
      {
        "explanation": "played 0× → 0.30",
        "factorId": "novelty",
        "rawScore": 0.3,
        "weightedScore": 0.24,
      },
      {
        "explanation": "expected move (no surprise cost)",
        "factorId": "surprise",
        "rawScore": 0,
        "weightedScore": 0,
      },
      {
        "explanation": "folk_stable: combined weight 1.68 → ln 0.52",
        "factorId": "style",
        "rawScore": 0.518794,
        "weightedScore": 0.466914,
      },
      {
        "explanation": "no memory pull",
        "factorId": "memory",
        "rawScore": 0,
        "weightedScore": 0,
      },
    ],
    "from": "ii",
    "stepIndex": 6,
    "to": "V7",
  },
  {
    "contributions": [
      {
        "explanation": "affinity 0.90, circleDist 1 (proximity 0.83), stabilityx1.12 → 1.98",
        "factorId": "harmonicGravity",
        "rawScore": 1.978667,
        "weightedScore": 1.978667,
      },
      {
        "explanation": "predicted 0.10 vs target 0.10 (err 0.00) → 1.50",
        "factorId": "tensionFit",
        "rawScore": 1.5,
        "weightedScore": 1.5,
      },
      {
        "explanation": "tonic in ending zone → 1.00",
        "factorId": "phraseFit",
        "rawScore": 1,
        "weightedScore": 1,
      },
      {
        "explanation": "cadenceStrength 1.00 × pressure 1.00 + approach bonus → 2.00",
        "factorId": "cadenceFit",
        "rawScore": 2,
        "weightedScore": 2.4,
      },
      {
        "explanation": "played 2× → -0.70",
        "factorId": "novelty",
        "rawScore": -0.7,
        "weightedScore": -0.56,
      },
      {
        "explanation": "expected move (no surprise cost)",
        "factorId": "surprise",
        "rawScore": 0,
        "weightedScore": 0,
      },
      {
        "explanation": "folk_stable: combined weight 2.88 → ln 1.06",
        "factorId": "style",
        "rawScore": 1.05779,
        "weightedScore": 0.952011,
      },
      {
        "explanation": "home pull 0.20 (away 3), familiar (+0.25)",
        "factorId": "memory",
        "rawScore": 0.45,
        "weightedScore": 0.27,
      },
    ],
    "from": "V7",
    "stepIndex": 7,
    "to": "I",
  },
]
`;
