// Vitest Snapshot v1, https://vitest.dev/guide/snapshot.html

exports[`V9.9 — factor contribution data snapshot > matches the per-step selected-candidate factor breakdowns 1`] = `
[
  {
    "contributions": [
      {
        "explanation": "affinity 0.65, circleDist 1 (proximity 0.83), stabilityx1.12 → 1.56",
        "factorId": "harmonicGravity",
        "rawScore": 1.558667,
        "weightedScore": 1.558667,
      },
      {
        "explanation": "predicted 0.45 vs target 0.50 (err 0.05) → 1.35",
        "factorId": "tensionFit",
        "rawScore": 1.35,
        "weightedScore": 1.35,
      },
      {
        "explanation": "predominant in beginning zone → 0.20",
        "factorId": "phraseFit",
        "rawScore": 0.2,
        "weightedScore": 0.2,
      },
      {
        "explanation": "cadenceStrength 0.00 × pressure 0.00 → 0.00",
        "factorId": "cadenceFit",
        "rawScore": 0,
        "weightedScore": 0,
      },
      {
        "explanation": "played 0× → 0.30",
        "factorId": "novelty",
        "rawScore": 0.3,
        "weightedScore": 0.24,
      },
      {
        "explanation": "expected move (no surprise cost)",
        "factorId": "surprise",
        "rawScore": 0,
        "weightedScore": 0,
      },
      {
        "explanation": "folk_stable: combined weight 1.00 → ln 0.00",
        "factorId": "style",
        "rawScore": 0,
        "weightedScore": 0,
      },
      {
        "explanation": "no memory pull",
        "factorId": "memory",
        "rawScore": 0,
        "weightedScore": 0,
      },
    ],
    "from": "I",
    "stepIndex": 0,
    "to": "IV",
  },
  {
    "contributions": [
      {
        "explanation": "affinity 0.80, circleDist 2 (proximity 0.67), stabilityx1.12 → 1.72",
        "factorId": "harmonicGravity",
        "rawScore": 1.717333,
        "weightedScore": 1.717333,
      },
      {
        "explanation": "predicted 0.90 vs target 0.85 (err 0.05) → 1.35",
        "factorId": "tensionFit",
        "rawScore": 1.35,
        "weightedScore": 1.35,
      },
      {
        "explanation": "dominant in pre_cadential zone → 1.00",
        "factorId": "phraseFit",
        "rawScore": 1,
        "weightedScore": 1,
      },
      {
        "explanation": "cadenceStrength 0.00 × pressure 0.70 → 0.00",
        "factorId": "cadenceFit",
        "rawScore": 0,
        "weightedScore": 0,
      },
      {
        "explanation": "played 0× → 0.30",
        "factorId": "novelty",
        "rawScore": 0.3,
        "weightedScore": 0.24,
      },
      {
        "explanation": "expected move (no surprise cost)",
        "factorId": "surprise",
        "rawScore": 0,
        "weightedScore": 0,
      },
      {
        "explanation": "folk_stable: combined weight 1.68 → ln 0.52",
        "factorId": "style",
        "rawScore": 0.518794,
        "weightedScore": 0.466914,
      },
      {
        "explanation": "no memory pull",
        "factorId": "memory",
        "rawScore": 0,
        "weightedScore": 0,
      },
    ],
    "from": "IV",
    "stepIndex": 1,
    "to": "V7",
  },
  {
    "contributions": [
      {
        "explanation": "affinity 0.90, circleDist 1 (proximity 0.83), stabilityx1.12 → 1.98",
        "factorId": "harmonicGravity",
        "rawScore": 1.978667,
        "weightedScore": 1.978667,
      },
      {
        "explanation": "predicted 0.10 vs target 0.10 (err 0.00) → 1.50",
        "factorId": "tensionFit",
        "rawScore": 1.5,
        "weightedScore": 1.5,
      },
      {
        "explanation": "tonic in ending zone → 1.00",
        "factorId": "phraseFit",
        "rawScore": 1,
        "weightedScore": 1,
      },
      {
        "explanation": "cadenceStrength 1.00 × pressure 1.00 + approach bonus → 2.00",
        "factorId": "cadenceFit",
        "rawScore": 2,
        "weightedScore": 2.4,
      },
      {
        "explanation": "played 1× → -0.35",
        "factorId": "novelty",
        "rawScore": -0.35,
        "weightedScore": -0.28,
      },
      {
        "explanation": "expected move (no surprise cost)",
        "factorId": "surprise",
        "rawScore": 0,
        "weightedScore": 0,
      },
      {
        "explanation": "folk_stable: combined weight 2.88 → ln 1.06",
        "factorId": "style",
        "rawScore": 1.05779,
        "weightedScore": 0.952011,
      },
      {
        "explanation": "familiar (+0.25)",
        "factorId": "memory",
        "rawScore": 0.25,
        "weightedScore": 0.15,
      },
    ],
    "from": "V7",
    "stepIndex": 2,
    "to": "I",
  },
  {
    "contributions": [
      {
        "explanation": "affinity 0.60, circleDist 3 (proximity 0.50), stabilityx1.12 → 1.29",
        "factorId": "harmonicGravity",
        "rawScore": 1.288,
        "weightedScore": 1.288,
      },
      {
        "explanation": "predicted 0.15 vs target 0.20 (err 0.05) → 1.35",
        "factorId": "tensionFit",
        "rawScore": 1.35,
        "weightedScore": 1.35,
      },
      {
        "explanation": "tonic in beginning zone → 1.00",
        "factorId": "phraseFit",
        "rawScore": 1,
        "weightedScore": 1,
      },
      {
        "explanation": "cadenceStrength 0.00 × pressure 0.00 → 0.00",
        "factorId": "cadenceFit",
        "rawScore": 0,
        "weightedScore": 0,
      },
      {
        "explanation": "played 0× → 0.30",
        "factorId": "novelty",
        "rawScore": 0.3,
        "weightedScore": 0.24,
      },
      {
        "explanation": "expected move (no surprise cost)",
        "factorId": "surprise",
        "rawScore": 0,
        "weightedScore": 0,
      },
      {
        "explanation": "folk_stable: combined weight 1.00 → ln 0.00",
        "factorId": "style",
        "rawScore": 0,
        "weightedScore": 0,
      },
      {
        "explanation": "no memory pull",
        "factorId": "memory",
        "rawScore": 0,
        "weightedScore": 0,
      },
    ],
    "from": "I",
    "stepIndex": 3,
    "to": "vi",
  },
  {
    "contributions": [
      {
        "explanation": "affinity 0.65, circleDist 4 (proximity 0.33), stabilityx1.12 → 1.28",
        "factorId": "harmonicGravity",
        "rawScore": 1.278667,
        "weightedScore": 1.278667,
      },
      {
        "explanation": "predicted 0.45 vs target 0.50 (err 0.05) → 1.35",
        "factorId": "tensionFit",
        "rawScore": 1.35,
        "weightedScore": 1.35,
      },
      {
        "explanation": "predominant in beginning zone → 0.20",
        "factorId": "phraseFit",
        "rawScore": 0.2,
        "weightedScore": 0.2,
      },
      {
        "explanation": "cadenceStrength 0.00 × pressure 0.00 → 0.00",
        "factorId": "cadenceFit",
        "rawScore": 0,
        "weightedScore": 0,
      },
      {
        "explanation": "played 1× → -0.35",
        "factorId": "novelty",
        "rawScore": -0.35,
        "weightedScore": -0.28,
      },
      {
        "explanation": "expected move (no surprise cost)",
        "factorId": "surprise",
        "rawScore": 0,
        "weightedScore": 0,
      },
      {
        "explanation": "folk_stable: combined weight 1.00 → ln 0.00",
        "factorId": "style",
        "rawScore": 0,
        "weightedScore": 0,
      },
      {
        "explanation": "familiar (+0.25)",
        "factorId": "memory",
        "rawScore": 0.25,
        "weightedScore": 0.15,
      },
    ],
    "from": "vi",
    "stepIndex": 4,
    "to": "IV",
  },
  {
    "contributions": [
      {
        "explanation": "affinity 0.80, circleDist 6 (proximity 0.00), stabilityx1.12 → 1.34",
        "factorId": "harmonicGravity",
        "rawScore": 1.344,
        "weightedScore": 1.344,
      },
      {
        "explanation": "predicted 0.85 vs target 0.85 (err 0.00) → 1.50",
        "factorId": "tensionFit",
        "rawScore": 1.5,
        "weightedScore": 1.5,
      },
      {
        "explanation": "dominant in pre_cadential zone → 1.00",
        "factorId": "phraseFit",
        "rawScore": 1,
        "weightedScore": 1,
      },
      {
        "explanation": "cadenceStrength 0.00 × pressure 0.70 → 0.00",
        "factorId": "cadenceFit",
        "rawScore": 0,
        "weightedScore": 0,
      },
      {
        "explanation": "played 0× → 0.30",
        "factorId": "novelty",
        "rawScore": 0.3,
        "weightedScore": 0.24,
      },
      {
        "explanation": "expected move (no surprise cost)",
        "factorId": "surprise",
        "rawScore": 0,
        "weightedScore": 0,
      },
      {
        "explanation": "folk_stable: combined weight 1.68 → ln 0.52",
        "factorId": "style",
        "rawScore": 0.518794,
        "weightedScore": 0.466914,
      },
      {
        "explanation": "no memory pull",
        "factorId": "memory",
        "rawScore": 0,
        "weightedScore": 0,
      },
    ],
    "from": "IV",
    "stepIndex": 5,
    "to": "vii°",
  },
  {
    "contributions": [
      {
        "explanation": "affinity 0.90, circleDist 5 (proximity 0.17), stabilityx1.12 → 1.61",
        "factorId": "harmonicGravity",
        "rawScore": 1.605333,
        "weightedScore": 1.605333,
      },
      {
        "explanation": "predicted 0.10 vs target 0.10 (err 0.00) → 1.50",
        "factorId": "tensionFit",
        "rawScore": 1.5,
        "weightedScore": 1.5,
      },
      {
        "explanation": "tonic in ending zone → 1.00",
        "factorId": "phraseFit",
        "rawScore": 1,
        "weightedScore": 1,
      },
      {
        "explanation": "cadenceStrength 0.75 × pressure 1.00 + approach bonus → 1.65",
        "factorId": "cadenceFit",
        "rawScore": 1.65,
        "weightedScore": 1.98,
      },
      {
        "explanation": "played 2× → -0.70",
        "factorId": "novelty",
        "rawScore": -0.7,
        "weightedScore": -0.56,
      },
      {
        "explanation": "expected move (no surprise cost)",
        "factorId": "surprise",
        "rawScore": 0,
        "weightedScore": 0,
      },
      {
        "explanation": "folk_stable: combined weight 2.88 → ln 1.06",
        "factorId": "style",
        "rawScore": 1.05779,
        "weightedScore": 0.952011,
      },
      {
        "explanation": "familiar (+0.25)",
        "factorId": "memory",
        "rawScore": 0.25,
        "weightedScore": 0.15,
      },
    ],
    "from": "vii°",
    "stepIndex": 6,
    "to": "I",
  },
  {
    "contributions": [
      {
        "explanation": "affinity 0.60, circleDist 3 (proximity 0.50), stabilityx1.12 → 1.29",
        "factorId": "harmonicGravity",
        "rawScore": 1.288,
        "weightedScore": 1.288,
      },
      {
        "explanation": "predicted 0.15 vs target 0.20 (err 0.05) → 1.35",
        "factorId": "tensionFit",
        "rawScore": 1.35,
        "weightedScore": 1.35,
      },
      {
        "explanation": "tonic in beginning zone → 1.00",
        "factorId": "phraseFit",
        "rawScore": 1,
        "weightedScore": 1,
      },
      {
        "explanation": "cadenceStrength 0.00 × pressure 0.00 → 0.00",
        "factorId": "cadenceFit",
        "rawScore": 0,
        "weightedScore": 0,
      },
      {
        "explanation": "played 1× → -0.35",
        "factorId": "novelty",
        "rawScore": -0.35,
        "weightedScore": -0.28,
      },
      {
        "explanation": "expected move (no surprise cost)",
        "factorId": "surprise",
        "rawScore": 0,
        "weightedScore": 0,
      },
      {
        "explanation": "folk_stable: combined weight 1.00 → ln 0.00",
        "factorId": "style",
        "rawScore": 0,
        "weightedScore": 0,
      },
      {
        "explanation": "familiar (+0.25)",
        "factorId": "memory",
        "rawScore": 0.25,
        "weightedScore": 0.15,
      },
    ],
    "from": "I",
    "stepIndex": 7,
    "to": "vi",
  },
]
`;
