// Vitest Snapshot v1, https://vitest.dev/guide/snapshot.html

exports[`D7.6 — generation trace snapshot > matches the per-step distribution snapshots 1`] = `
[
  {
    "candidates": [
      {
        "edgeId": "I->ii",
        "probability": 0.321055,
        "selected": false,
        "toChord": "ii",
        "totalScore": 3.405333,
      },
      {
        "edgeId": "I->IV",
        "probability": 0.2991,
        "selected": true,
        "toChord": "IV",
        "totalScore": 3.348667,
      },
      {
        "edgeId": "I->vi",
        "probability": 0.188189,
        "selected": false,
        "toChord": "vi",
        "totalScore": 2.978,
      },
      {
        "edgeId": "I->V",
        "probability": 0.077345,
        "selected": false,
        "toChord": "V",
        "totalScore": 2.266667,
      },
      {
        "edgeId": "I->bVII",
        "probability": 0.039079,
        "selected": false,
        "toChord": "bVII",
        "totalScore": 1.720509,
      },
      {
        "edgeId": "I->iii",
        "probability": 0.038698,
        "selected": false,
        "toChord": "iii",
        "totalScore": 1.712667,
      },
      {
        "edgeId": "I->V7",
        "probability": 0.036535,
        "selected": false,
        "toChord": "V7",
        "totalScore": 1.666667,
      },
    ],
    "entropy": 1.611525,
    "fromChord": "I",
    "modalEdgeId": "I->ii",
    "selectedEdgeId": "I->IV",
    "stepIndex": 0,
  },
  {
    "candidates": [
      {
        "edgeId": "IV->V7",
        "probability": 0.402115,
        "selected": true,
        "toChord": "V7",
        "totalScore": 4.774248,
      },
      {
        "edgeId": "IV->vii°",
        "probability": 0.304165,
        "selected": false,
        "toChord": "vii°",
        "totalScore": 4.550914,
      },
      {
        "edgeId": "IV->V",
        "probability": 0.276369,
        "selected": false,
        "toChord": "V",
        "totalScore": 4.474248,
      },
      {
        "edgeId": "IV->I",
        "probability": 0.010006,
        "selected": false,
        "toChord": "I",
        "totalScore": 1.819393,
      },
      {
        "edgeId": "IV->ii",
        "probability": 0.007344,
        "selected": false,
        "toChord": "ii",
        "totalScore": 1.572,
      },
    ],
    "entropy": 1.165924,
    "fromChord": "IV",
    "modalEdgeId": "IV->V7",
    "selectedEdgeId": "IV->V7",
    "stepIndex": 1,
  },
  {
    "candidates": [
      {
        "edgeId": "V7->I",
        "probability": 0.970414,
        "selected": true,
        "toChord": "I",
        "totalScore": 7.700678,
      },
      {
        "edgeId": "V7->vi",
        "probability": 0.029586,
        "selected": false,
        "toChord": "vi",
        "totalScore": 4.908341,
      },
    ],
    "entropy": 0.1333,
    "fromChord": "V7",
    "modalEdgeId": "V7->I",
    "selectedEdgeId": "V7->I",
    "stepIndex": 2,
  },
  {
    "candidates": [
      {
        "edgeId": "I->vi",
        "probability": 0.598345,
        "selected": true,
        "toChord": "vi",
        "totalScore": 3.878,
      },
      {
        "edgeId": "I->iii",
        "probability": 0.114149,
        "selected": false,
        "toChord": "iii",
        "totalScore": 2.552667,
      },
      {
        "edgeId": "I->ii",
        "probability": 0.107591,
        "selected": false,
        "toChord": "ii",
        "totalScore": 2.505333,
      },
      {
        "edgeId": "I->IV",
        "probability": 0.091836,
        "selected": false,
        "toChord": "IV",
        "totalScore": 2.378667,
      },
      {
        "edgeId": "I->bVII",
        "probability": 0.054451,
        "selected": false,
        "toChord": "bVII",
        "totalScore": 1.960509,
      },
      {
        "edgeId": "I->V",
        "probability": 0.02592,
        "selected": false,
        "toChord": "V",
        "totalScore": 1.366667,
      },
      {
        "edgeId": "I->V7",
        "probability": 0.00771,
        "selected": false,
        "toChord": "V7",
        "totalScore": 0.396667,
      },
    ],
    "entropy": 1.304846,
    "fromChord": "I",
    "modalEdgeId": "I->vi",
    "selectedEdgeId": "I->vi",
    "stepIndex": 3,
  },
  {
    "candidates": [
      {
        "edgeId": "vi->ii",
        "probability": 0.570559,
        "selected": false,
        "toChord": "ii",
        "totalScore": 3.498667,
      },
      {
        "edgeId": "vi->IV",
        "probability": 0.209897,
        "selected": true,
        "toChord": "IV",
        "totalScore": 2.698667,
      },
      {
        "edgeId": "vi->V",
        "probability": 0.108848,
        "selected": false,
        "toChord": "V",
        "totalScore": 2.173333,
      },
      {
        "edgeId": "vi->I",
        "probability": 0.078319,
        "selected": false,
        "toChord": "I",
        "totalScore": 1.91,
      },
      {
        "edgeId": "vi->V7",
        "probability": 0.032377,
        "selected": false,
        "toChord": "V7",
        "totalScore": 1.203333,
      },
    ],
    "entropy": 1.199782,
    "fromChord": "vi",
    "modalEdgeId": "vi->ii",
    "selectedEdgeId": "vi->IV",
    "stepIndex": 4,
  },
  {
    "candidates": [
      {
        "edgeId": "IV->vii°",
        "probability": 0.356493,
        "selected": true,
        "toChord": "vii°",
        "totalScore": 4.550914,
      },
      {
        "edgeId": "IV->V",
        "probability": 0.323915,
        "selected": false,
        "toChord": "V",
        "totalScore": 4.474248,
      },
      {
        "edgeId": "IV->V7",
        "probability": 0.296777,
        "selected": false,
        "toChord": "V7",
        "totalScore": 4.404248,
      },
      {
        "edgeId": "IV->ii",
        "probability": 0.014551,
        "selected": false,
        "toChord": "ii",
        "totalScore": 1.992,
      },
      {
        "edgeId": "IV->I",
        "probability": 0.008264,
        "selected": false,
        "toChord": "I",
        "totalScore": 1.539393,
      },
    ],
    "entropy": 1.194545,
    "fromChord": "IV",
    "modalEdgeId": "IV->vii°",
    "selectedEdgeId": "IV->vii°",
    "stepIndex": 5,
  },
  {
    "candidates": [
      {
        "edgeId": "vii°->I",
        "probability": 0.924927,
        "selected": true,
        "toChord": "I",
        "totalScore": 6.627345,
      },
      {
        "edgeId": "vii°->vi",
        "probability": 0.075073,
        "selected": false,
        "toChord": "vi",
        "totalScore": 4.618341,
      },
    ],
    "entropy": 0.266568,
    "fromChord": "vii°",
    "modalEdgeId": "vii°->I",
    "selectedEdgeId": "vii°->I",
    "stepIndex": 6,
  },
  {
    "candidates": [
      {
        "edgeId": "I->vi",
        "probability": 0.489932,
        "selected": true,
        "toChord": "vi",
        "totalScore": 3.508,
      },
      {
        "edgeId": "I->iii",
        "probability": 0.164038,
        "selected": false,
        "toChord": "iii",
        "totalScore": 2.632667,
      },
      {
        "edgeId": "I->ii",
        "probability": 0.139901,
        "selected": false,
        "toChord": "ii",
        "totalScore": 2.505333,
      },
      {
        "edgeId": "I->IV",
        "probability": 0.08415,
        "selected": false,
        "toChord": "IV",
        "totalScore": 2.098667,
      },
      {
        "edgeId": "I->bVII",
        "probability": 0.07825,
        "selected": false,
        "toChord": "bVII",
        "totalScore": 2.040509,
      },
      {
        "edgeId": "I->V",
        "probability": 0.033703,
        "selected": false,
        "toChord": "V",
        "totalScore": 1.366667,
      },
      {
        "edgeId": "I->V7",
        "probability": 0.010025,
        "selected": false,
        "toChord": "V7",
        "totalScore": 0.396667,
      },
    ],
    "entropy": 1.489301,
    "fromChord": "I",
    "modalEdgeId": "I->vi",
    "selectedEdgeId": "I->vi",
    "stepIndex": 7,
  },
]
`;

exports[`D7.6 — generation trace snapshot > matches the recorded chord sequence 1`] = `
[
  "IV",
  "V7",
  "I",
  "vi",
  "IV",
  "vii°",
  "I",
  "vi",
]
`;

exports[`D7.6 — generation trace snapshot > matches the recorded trace summaries 1`] = `
{
  "cadenceEvents": [
    {
      "cadenceType": "perfect_authentic",
      "stepIndex": 2,
      "toChord": "I",
    },
    {
      "cadenceType": "authentic",
      "stepIndex": 6,
      "toChord": "I",
    },
  ],
  "chordSequence": [
    "IV",
    "V7",
    "I",
    "vi",
    "IV",
    "vii°",
    "I",
    "vi",
  ],
  "chordUsage": [
    {
      "chord": "IV",
      "count": 2,
      "frequency": 0.25,
    },
    {
      "chord": "I",
      "count": 2,
      "frequency": 0.25,
    },
    {
      "chord": "vi",
      "count": 2,
      "frequency": 0.25,
    },
    {
      "chord": "V7",
      "count": 1,
      "frequency": 0.125,
    },
    {
      "chord": "vii°",
      "count": 1,
      "frequency": 0.125,
    },
  ],
  "seed": 4242,
  "tensionSummary": {
    "meanTension": 0.39375,
    "meanTensionError": 0.03125,
    "peakStepIndex": 1,
    "peakTension": 0.9,
    "troughTension": 0.1,
  },
  "totalSteps": 8,
}
`;

exports[`D7.6 — generation trace snapshot > matches the score breakdowns for the first step 1`] = `
[
  {
    "contributions": [
      {
        "explanation": "affinity 0.65, circleDist 2 (proximity 0.67), stabilityx1.12 → 1.47",
        "factorId": "harmonicGravity",
        "rawScore": 1.465333,
        "weightedScore": 1.465333,
      },
      {
        "explanation": "predicted 0.50 vs target 0.50 (err 0.00) → 1.50",
        "factorId": "tensionFit",
        "rawScore": 1.5,
        "weightedScore": 1.5,
      },
      {
        "explanation": "predominant in beginning zone → 0.20",
        "factorId": "phraseFit",
        "rawScore": 0.2,
        "weightedScore": 0.2,
      },
      {
        "explanation": "cadenceStrength 0.00 × pressure 0.00 → 0.00",
        "factorId": "cadenceFit",
        "rawScore": 0,
        "weightedScore": 0,
      },
      {
        "explanation": "played 0× → 0.30",
        "factorId": "novelty",
        "rawScore": 0.3,
        "weightedScore": 0.24,
      },
      {
        "explanation": "expected move (no surprise cost)",
        "factorId": "surprise",
        "rawScore": 0,
        "weightedScore": 0,
      },
      {
        "explanation": "folk_stable: combined weight 1.00 → ln 0.00",
        "factorId": "style",
        "rawScore": 0,
        "weightedScore": 0,
      },
      {
        "explanation": "no memory pull",
        "factorId": "memory",
        "rawScore": 0,
        "weightedScore": 0,
      },
    ],
    "edgeId": "I->ii",
    "fromChord": "I",
    "probability": 0.321055,
    "selected": false,
    "toChord": "ii",
    "totalScore": 3.405333,
  },
  {
    "contributions": [
      {
        "explanation": "affinity 0.65, circleDist 1 (proximity 0.83), stabilityx1.12 → 1.56",
        "factorId": "harmonicGravity",
        "rawScore": 1.558667,
        "weightedScore": 1.558667,
      },
      {
        "explanation": "predicted 0.45 vs target 0.50 (err 0.05) → 1.35",
        "factorId": "tensionFit",
        "rawScore": 1.35,
        "weightedScore": 1.35,
      },
      {
        "explanation": "predominant in beginning zone → 0.20",
        "factorId": "phraseFit",
        "rawScore": 0.2,
        "weightedScore": 0.2,
      },
      {
        "explanation": "cadenceStrength 0.00 × pressure 0.00 → 0.00",
        "factorId": "cadenceFit",
        "rawScore": 0,
        "weightedScore": 0,
      },
      {
        "explanation": "played 0× → 0.30",
        "factorId": "novelty",
        "rawScore": 0.3,
        "weightedScore": 0.24,
      },
      {
        "explanation": "expected move (no surprise cost)",
        "factorId": "surprise",
        "rawScore": 0,
        "weightedScore": 0,
      },
      {
        "explanation": "folk_stable: combined weight 1.00 → ln 0.00",
        "factorId": "style",
        "rawScore": 0,
        "weightedScore": 0,
      },
      {
        "explanation": "no memory pull",
        "factorId": "memory",
        "rawScore": 0,
        "weightedScore": 0,
      },
    ],
    "edgeId": "I->IV",
    "fromChord": "I",
    "probability": 0.2991,
    "selected": true,
    "toChord": "IV",
    "totalScore": 3.348667,
  },
  {
    "contributions": [
      {
        "explanation": "affinity 0.60, circleDist 3 (proximity 0.50), stabilityx1.12 → 1.29",
        "factorId": "harmonicGravity",
        "rawScore": 1.288,
        "weightedScore": 1.288,
      },
      {
        "explanation": "predicted 0.15 vs target 0.50 (err 0.35) → 0.45",
        "factorId": "tensionFit",
        "rawScore": 0.45,
        "weightedScore": 0.45,
      },
      {
        "explanation": "tonic in beginning zone → 1.00",
        "factorId": "phraseFit",
        "rawScore": 1,
        "weightedScore": 1,
      },
      {
        "explanation": "cadenceStrength 0.00 × pressure 0.00 → 0.00",
        "factorId": "cadenceFit",
        "rawScore": 0,
        "weightedScore": 0,
      },
      {
        "explanation": "played 0× → 0.30",
        "factorId": "novelty",
        "rawScore": 0.3,
        "weightedScore": 0.24,
      },
      {
        "explanation": "expected move (no surprise cost)",
        "factorId": "surprise",
        "rawScore": 0,
        "weightedScore": 0,
      },
      {
        "explanation": "folk_stable: combined weight 1.00 → ln 0.00",
        "factorId": "style",
        "rawScore": 0,
        "weightedScore": 0,
      },
      {
        "explanation": "no memory pull",
        "factorId": "memory",
        "rawScore": 0,
        "weightedScore": 0,
      },
    ],
    "edgeId": "I->vi",
    "fromChord": "I",
    "probability": 0.188189,
    "selected": false,
    "toChord": "vi",
    "totalScore": 2.978,
  },
  {
    "contributions": [
      {
        "explanation": "affinity 0.75, circleDist 1 (proximity 0.83), stabilityx1.12 → 1.73",
        "factorId": "harmonicGravity",
        "rawScore": 1.726667,
        "weightedScore": 1.726667,
      },
      {
        "explanation": "predicted 0.70 vs target 0.50 (err 0.20) → 0.90",
        "factorId": "tensionFit",
        "rawScore": 0.9,
        "weightedScore": 0.9,
      },
      {
        "explanation": "dominant in beginning zone → -0.60",
        "factorId": "phraseFit",
        "rawScore": -0.6,
        "weightedScore": -0.6,
      },
      {
        "explanation": "cadenceStrength 0.00 × pressure 0.00 → 0.00",
        "factorId": "cadenceFit",
        "rawScore": 0,
        "weightedScore": 0,
      },
      {
        "explanation": "played 0× → 0.30",
        "factorId": "novelty",
        "rawScore": 0.3,
        "weightedScore": 0.24,
      },
      {
        "explanation": "expected move (no surprise cost)",
        "factorId": "surprise",
        "rawScore": 0,
        "weightedScore": 0,
      },
      {
        "explanation": "folk_stable: combined weight 1.00 → ln 0.00",
        "factorId": "style",
        "rawScore": 0,
        "weightedScore": 0,
      },
      {
        "explanation": "no memory pull",
        "factorId": "memory",
        "rawScore": 0,
        "weightedScore": 0,
      },
    ],
    "edgeId": "I->V",
    "fromChord": "I",
    "probability": 0.077345,
    "selected": false,
    "toChord": "V",
    "totalScore": 2.266667,
  },
  {
    "contributions": [
      {
        "explanation": "affinity 0.40, circleDist 2 (proximity 0.67), stabilityx1.12 → 1.05",
        "factorId": "harmonicGravity",
        "rawScore": 1.045333,
        "weightedScore": 1.045333,
      },
      {
        "explanation": "predicted 0.35 vs target 0.50 (err 0.15) → 1.05",
        "factorId": "tensionFit",
        "rawScore": 1.05,
        "weightedScore": 1.05,
      },
      {
        "explanation": "modal in beginning zone → 0.00",
        "factorId": "phraseFit",
        "rawScore": 0,
        "weightedScore": 0,
      },
      {
        "explanation": "cadenceStrength 0.00 × pressure 0.00 → 0.00",
        "factorId": "cadenceFit",
        "rawScore": 0,
        "weightedScore": 0,
      },
      {
        "explanation": "played 0× → 0.30",
        "factorId": "novelty",
        "rawScore": 0.3,
        "weightedScore": 0.24,
      },
      {
        "explanation": "cost 0.20 × 2.60 (budget 3.00/5) → -0.52",
        "factorId": "surprise",
        "rawScore": -0.52,
        "weightedScore": -0.52,
      },
      {
        "explanation": "folk_stable: combined weight 0.90 → ln -0.11",
        "factorId": "style",
        "rawScore": -0.105361,
        "weightedScore": -0.094824,
      },
      {
        "explanation": "no memory pull",
        "factorId": "memory",
        "rawScore": 0,
        "weightedScore": 0,
      },
    ],
    "edgeId": "I->bVII",
    "fromChord": "I",
    "probability": 0.039079,
    "selected": false,
    "toChord": "bVII",
    "totalScore": 1.720509,
  },
  {
    "contributions": [
      {
        "explanation": "affinity 0.45, circleDist 4 (proximity 0.33), stabilityx1.12 → 0.94",
        "factorId": "harmonicGravity",
        "rawScore": 0.942667,
        "weightedScore": 0.942667,
      },
      {
        "explanation": "predicted 0.25 vs target 0.50 (err 0.25) → 0.75",
        "factorId": "tensionFit",
        "rawScore": 0.75,
        "weightedScore": 0.75,
      },
      {
        "explanation": "mediant in beginning zone → 0.30",
        "factorId": "phraseFit",
        "rawScore": 0.3,
        "weightedScore": 0.3,
      },
      {
        "explanation": "cadenceStrength 0.00 × pressure 0.00 → 0.00",
        "factorId": "cadenceFit",
        "rawScore": 0,
        "weightedScore": 0,
      },
      {
        "explanation": "played 0× → 0.30",
        "factorId": "novelty",
        "rawScore": 0.3,
        "weightedScore": 0.24,
      },
      {
        "explanation": "cost 0.20 × 2.60 (budget 3.00/5) → -0.52",
        "factorId": "surprise",
        "rawScore": -0.52,
        "weightedScore": -0.52,
      },
      {
        "explanation": "folk_stable: combined weight 1.00 → ln 0.00",
        "factorId": "style",
        "rawScore": 0,
        "weightedScore": 0,
      },
      {
        "explanation": "no memory pull",
        "factorId": "memory",
        "rawScore": 0,
        "weightedScore": 0,
      },
    ],
    "edgeId": "I->iii",
    "fromChord": "I",
    "probability": 0.038698,
    "selected": false,
    "toChord": "iii",
    "totalScore": 1.712667,
  },
  {
    "contributions": [
      {
        "explanation": "affinity 0.75, circleDist 1 (proximity 0.83), stabilityx1.12 → 1.73",
        "factorId": "harmonicGravity",
        "rawScore": 1.726667,
        "weightedScore": 1.726667,
      },
      {
        "explanation": "predicted 0.90 vs target 0.50 (err 0.40) → 0.30",
        "factorId": "tensionFit",
        "rawScore": 0.3,
        "weightedScore": 0.3,
      },
      {
        "explanation": "dominant in beginning zone → -0.60",
        "factorId": "phraseFit",
        "rawScore": -0.6,
        "weightedScore": -0.6,
      },
      {
        "explanation": "cadenceStrength 0.00 × pressure 0.00 → 0.00",
        "factorId": "cadenceFit",
        "rawScore": 0,
        "weightedScore": 0,
      },
      {
        "explanation": "played 0× → 0.30",
        "factorId": "novelty",
        "rawScore": 0.3,
        "weightedScore": 0.24,
      },
      {
        "explanation": "expected move (no surprise cost)",
        "factorId": "surprise",
        "rawScore": 0,
        "weightedScore": 0,
      },
      {
        "explanation": "folk_stable: combined weight 1.00 → ln 0.00",
        "factorId": "style",
        "rawScore": 0,
        "weightedScore": 0,
      },
      {
        "explanation": "no memory pull",
        "factorId": "memory",
        "rawScore": 0,
        "weightedScore": 0,
      },
    ],
    "edgeId": "I->V7",
    "fromChord": "I",
    "probability": 0.036535,
    "selected": false,
    "toChord": "V7",
    "totalScore": 1.666667,
  },
]
`;

exports[`D7.6 — generation trace snapshot > matches the state snapshots 1`] = `
[
  {
    "cadence": {
      "isApproachingCadence": false,
    },
    "currentChord": "I",
    "currentTension": 0.1,
    "harmonicRegion": "tonic",
    "measureIndex": 0,
    "phraseLength": 4,
    "phrasePosition": 0,
    "recentChords": [
      "I",
    ],
    "surpriseBudget": 3,
    "targetTension": 0.2,
    "tensionVelocity": 0,
    "timeSinceDominant": 1,
    "timeSinceSubdominant": 1,
    "timeSinceTonic": 0,
  },
  {
    "cadence": {
      "isApproachingCadence": false,
    },
    "currentChord": "IV",
    "currentTension": 0.45,
    "harmonicRegion": "predominant",
    "measureIndex": 1,
    "phraseLength": 4,
    "phrasePosition": 1,
    "previousChord": "I",
    "recentChords": [
      "I",
      "IV",
    ],
    "recentCircleDirection": "flatward",
    "surpriseBudget": 3.5,
    "targetTension": 0.5,
    "tensionVelocity": 0.35,
    "timeSinceDominant": 2,
    "timeSinceSubdominant": 0,
    "timeSinceTonic": 1,
  },
  {
    "cadence": {
      "expectedCadenceType": "perfect_authentic",
      "isApproachingCadence": true,
    },
    "currentChord": "V7",
    "currentTension": 0.9,
    "harmonicRegion": "dominant",
    "measureIndex": 2,
    "phraseLength": 4,
    "phrasePosition": 2,
    "previousChord": "IV",
    "recentChords": [
      "I",
      "IV",
      "V7",
    ],
    "recentCircleDirection": "sharpward",
    "surpriseBudget": 4,
    "targetTension": 0.85,
    "tensionVelocity": 0.45,
    "timeSinceDominant": 0,
    "timeSinceSubdominant": 1,
    "timeSinceTonic": 2,
  },
  {
    "cadence": {
      "isApproachingCadence": false,
      "lastCadenceType": "perfect_authentic",
      "stepsSinceLastCadence": 0,
    },
    "currentChord": "I",
    "currentTension": 0.1,
    "harmonicRegion": "tonic",
    "measureIndex": 3,
    "phraseLength": 4,
    "phrasePosition": 3,
    "previousChord": "V7",
    "recentChords": [
      "I",
      "IV",
      "V7",
      "I",
    ],
    "recentCircleDirection": "flatward",
    "surpriseBudget": 4.5,
    "targetTension": 0.1,
    "tensionVelocity": -0.8,
    "timeSinceDominant": 1,
    "timeSinceSubdominant": 2,
    "timeSinceTonic": 0,
  },
  {
    "cadence": {
      "isApproachingCadence": false,
      "lastCadenceType": "perfect_authentic",
      "stepsSinceLastCadence": 1,
    },
    "currentChord": "vi",
    "currentTension": 0.15,
    "harmonicRegion": "tonic",
    "measureIndex": 4,
    "phraseLength": 4,
    "phrasePosition": 0,
    "previousChord": "I",
    "recentChords": [
      "I",
      "IV",
      "V7",
      "I",
      "vi",
    ],
    "recentCircleDirection": "flatward",
    "surpriseBudget": 5,
    "targetTension": 0.2,
    "tensionVelocity": 0.05,
    "timeSinceDominant": 2,
    "timeSinceSubdominant": 3,
    "timeSinceTonic": 0,
  },
  {
    "cadence": {
      "isApproachingCadence": false,
      "lastCadenceType": "perfect_authentic",
      "stepsSinceLastCadence": 2,
    },
    "currentChord": "IV",
    "currentTension": 0.45,
    "harmonicRegion": "predominant",
    "measureIndex": 5,
    "phraseLength": 4,
    "phrasePosition": 1,
    "previousChord": "vi",
    "recentChords": [
      "I",
      "IV",
      "V7",
      "I",
      "vi",
      "IV",
    ],
    "recentCircleDirection": "flatward",
    "surpriseBudget": 5,
    "targetTension": 0.5,
    "tensionVelocity": 0.3,
    "timeSinceDominant": 3,
    "timeSinceSubdominant": 0,
    "timeSinceTonic": 1,
  },
  {
    "cadence": {
      "expectedCadenceType": "authentic",
      "isApproachingCadence": true,
      "lastCadenceType": "perfect_authentic",
      "stepsSinceLastCadence": 3,
    },
    "currentChord": "vii°",
    "currentTension": 0.85,
    "harmonicRegion": "dominant",
    "measureIndex": 6,
    "phraseLength": 4,
    "phrasePosition": 2,
    "previousChord": "IV",
    "recentChords": [
      "I",
      "IV",
      "V7",
      "I",
      "vi",
      "IV",
      "vii°",
    ],
    "recentCircleDirection": "sharpward",
    "surpriseBudget": 5,
    "targetTension": 0.85,
    "tensionVelocity": 0.4,
    "timeSinceDominant": 0,
    "timeSinceSubdominant": 1,
    "timeSinceTonic": 2,
  },
  {
    "cadence": {
      "isApproachingCadence": false,
      "lastCadenceType": "authentic",
      "stepsSinceLastCadence": 0,
    },
    "currentChord": "I",
    "currentTension": 0.1,
    "harmonicRegion": "tonic",
    "measureIndex": 7,
    "phraseLength": 4,
    "phrasePosition": 3,
    "previousChord": "vii°",
    "recentChords": [
      "I",
      "IV",
      "V7",
      "I",
      "vi",
      "IV",
      "vii°",
      "I",
    ],
    "recentCircleDirection": "flatward",
    "surpriseBudget": 5,
    "targetTension": 0.1,
    "tensionVelocity": -0.75,
    "timeSinceDominant": 1,
    "timeSinceSubdominant": 2,
    "timeSinceTonic": 0,
  },
  {
    "cadence": {
      "isApproachingCadence": false,
      "lastCadenceType": "authentic",
      "stepsSinceLastCadence": 1,
    },
    "currentChord": "vi",
    "currentTension": 0.15,
    "harmonicRegion": "tonic",
    "measureIndex": 8,
    "phraseLength": 4,
    "phrasePosition": 0,
    "previousChord": "I",
    "recentChords": [
      "IV",
      "V7",
      "I",
      "vi",
      "IV",
      "vii°",
      "I",
      "vi",
    ],
    "recentCircleDirection": "flatward",
    "surpriseBudget": 5,
    "targetTension": 0.2,
    "tensionVelocity": 0.05,
    "timeSinceDominant": 2,
    "timeSinceSubdominant": 3,
    "timeSinceTonic": 0,
  },
]
`;
