// Vitest Snapshot v1, https://vitest.dev/guide/snapshot.html

exports[`D7.6 — generation trace snapshot > matches the per-step distribution snapshots 1`] = `
[
  {
    "candidates": [
      {
        "edgeId": "I->vi",
        "probability": 0.589596,
        "selected": true,
        "toChord": "vi",
        "totalScore": 3.878,
      },
      {
        "edgeId": "I->IV",
        "probability": 0.143706,
        "selected": false,
        "toChord": "IV",
        "totalScore": 2.748667,
      },
      {
        "edgeId": "I->ii",
        "probability": 0.106017,
        "selected": false,
        "toChord": "ii",
        "totalScore": 2.505333,
      },
      {
        "edgeId": "I->iii",
        "probability": 0.083327,
        "selected": false,
        "toChord": "iii",
        "totalScore": 2.312667,
      },
      {
        "edgeId": "I->bVII",
        "probability": 0.039749,
        "selected": false,
        "toChord": "bVII",
        "totalScore": 1.720509,
      },
      {
        "edgeId": "I->V",
        "probability": 0.025541,
        "selected": false,
        "toChord": "V",
        "totalScore": 1.366667,
      },
      {
        "edgeId": "I->V7",
        "probability": 0.012065,
        "selected": false,
        "toChord": "V7",
        "totalScore": 0.766667,
      },
    ],
    "entropy": 1.310428,
    "fromChord": "I",
    "modalEdgeId": "I->vi",
    "selectedEdgeId": "I->vi",
    "stepIndex": 0,
  },
  {
    "candidates": [
      {
        "edgeId": "vi->ii",
        "probability": 0.491944,
        "selected": true,
        "toChord": "ii",
        "totalScore": 3.498667,
      },
      {
        "edgeId": "vi->IV",
        "probability": 0.287397,
        "selected": false,
        "toChord": "IV",
        "totalScore": 3.068667,
      },
      {
        "edgeId": "vi->V",
        "probability": 0.09385,
        "selected": false,
        "toChord": "V",
        "totalScore": 2.173333,
      },
      {
        "edgeId": "vi->I",
        "probability": 0.082478,
        "selected": false,
        "toChord": "I",
        "totalScore": 2.07,
      },
      {
        "edgeId": "vi->V7",
        "probability": 0.044332,
        "selected": false,
        "toChord": "V7",
        "totalScore": 1.573333,
      },
    ],
    "entropy": 1.273328,
    "fromChord": "vi",
    "modalEdgeId": "vi->ii",
    "selectedEdgeId": "vi->ii",
    "stepIndex": 1,
  },
  {
    "candidates": [
      {
        "edgeId": "ii->V7",
        "probability": 0.587082,
        "selected": false,
        "toChord": "V7",
        "totalScore": 4.867581,
      },
      {
        "edgeId": "ii->V",
        "probability": 0.403495,
        "selected": true,
        "toChord": "V",
        "totalScore": 4.567581,
      },
      {
        "edgeId": "ii->IV",
        "probability": 0.009423,
        "selected": false,
        "toChord": "IV",
        "totalScore": 1.562,
      },
    ],
    "entropy": 0.722839,
    "fromChord": "ii",
    "modalEdgeId": "ii->V7",
    "selectedEdgeId": "ii->V",
    "stepIndex": 2,
  },
  {
    "candidates": [
      {
        "edgeId": "V->I",
        "probability": 0.971802,
        "selected": true,
        "toChord": "I",
        "totalScore": 7.448678,
      },
      {
        "edgeId": "V->vi",
        "probability": 0.026876,
        "selected": false,
        "toChord": "vi",
        "totalScore": 4.578341,
      },
      {
        "edgeId": "V->bVII",
        "probability": 0.000923,
        "selected": false,
        "toChord": "bVII",
        "totalScore": 1.881176,
      },
      {
        "edgeId": "V->V7",
        "probability": 0.000232,
        "selected": false,
        "toChord": "V7",
        "totalScore": 0.776,
      },
      {
        "edgeId": "V->IV",
        "probability": 0.000167,
        "selected": false,
        "toChord": "IV",
        "totalScore": 0.514766,
      },
    ],
    "entropy": 0.134838,
    "fromChord": "V",
    "modalEdgeId": "V->I",
    "selectedEdgeId": "V->I",
    "stepIndex": 3,
  },
  {
    "candidates": [
      {
        "edgeId": "I->vi",
        "probability": 0.467897,
        "selected": false,
        "toChord": "vi",
        "totalScore": 3.508,
      },
      {
        "edgeId": "I->IV",
        "probability": 0.181106,
        "selected": false,
        "toChord": "IV",
        "totalScore": 2.748667,
      },
      {
        "edgeId": "I->iii",
        "probability": 0.15666,
        "selected": true,
        "toChord": "iii",
        "totalScore": 2.632667,
      },
      {
        "edgeId": "I->ii",
        "probability": 0.084134,
        "selected": false,
        "toChord": "ii",
        "totalScore": 2.135333,
      },
      {
        "edgeId": "I->bVII",
        "probability": 0.07473,
        "selected": false,
        "toChord": "bVII",
        "totalScore": 2.040509,
      },
      {
        "edgeId": "I->V",
        "probability": 0.020269,
        "selected": false,
        "toChord": "V",
        "totalScore": 0.996667,
      },
      {
        "edgeId": "I->V7",
        "probability": 0.015204,
        "selected": false,
        "toChord": "V7",
        "totalScore": 0.766667,
      },
    ],
    "entropy": 1.49999,
    "fromChord": "I",
    "modalEdgeId": "I->vi",
    "selectedEdgeId": "I->iii",
    "stepIndex": 4,
  },
  {
    "candidates": [
      {
        "edgeId": "iii->ii",
        "probability": 0.35621,
        "selected": true,
        "toChord": "ii",
        "totalScore": 2.633333,
      },
      {
        "edgeId": "iii->vi",
        "probability": 0.346259,
        "selected": false,
        "toChord": "vi",
        "totalScore": 2.610667,
      },
      {
        "edgeId": "iii->IV",
        "probability": 0.297531,
        "selected": false,
        "toChord": "IV",
        "totalScore": 2.489333,
      },
    ],
    "entropy": 1.095602,
    "fromChord": "iii",
    "modalEdgeId": "iii->ii",
    "selectedEdgeId": "iii->ii",
    "stepIndex": 5,
  },
  {
    "candidates": [
      {
        "edgeId": "ii->V7",
        "probability": 0.687017,
        "selected": true,
        "toChord": "V7",
        "totalScore": 4.867581,
      },
      {
        "edgeId": "ii->V",
        "probability": 0.297335,
        "selected": false,
        "toChord": "V",
        "totalScore": 4.197581,
      },
      {
        "edgeId": "ii->IV",
        "probability": 0.015649,
        "selected": false,
        "toChord": "IV",
        "totalScore": 1.842,
      },
    ],
    "entropy": 0.683597,
    "fromChord": "ii",
    "modalEdgeId": "ii->V7",
    "selectedEdgeId": "ii->V7",
    "stepIndex": 6,
  },
  {
    "candidates": [
      {
        "edgeId": "V7->I",
        "probability": 0.970771,
        "selected": true,
        "toChord": "I",
        "totalScore": 7.540678,
      },
      {
        "edgeId": "V7->vi",
        "probability": 0.029229,
        "selected": false,
        "toChord": "vi",
        "totalScore": 4.738341,
      },
    ],
    "entropy": 0.132053,
    "fromChord": "V7",
    "modalEdgeId": "V7->I",
    "selectedEdgeId": "V7->I",
    "stepIndex": 7,
  },
]
`;

exports[`D7.6 — generation trace snapshot > matches the recorded chord sequence 1`] = `
[
  "vi",
  "ii",
  "V",
  "I",
  "iii",
  "ii",
  "V7",
  "I",
]
`;

exports[`D7.6 — generation trace snapshot > matches the recorded trace summaries 1`] = `
{
  "cadenceEvents": [
    {
      "cadenceType": "authentic",
      "stepIndex": 3,
      "toChord": "I",
    },
    {
      "cadenceType": "perfect_authentic",
      "stepIndex": 7,
      "toChord": "I",
    },
  ],
  "chordSequence": [
    "vi",
    "ii",
    "V",
    "I",
    "iii",
    "ii",
    "V7",
    "I",
  ],
  "chordUsage": [
    {
      "chord": "ii",
      "count": 2,
      "frequency": 0.25,
    },
    {
      "chord": "I",
      "count": 2,
      "frequency": 0.25,
    },
    {
      "chord": "vi",
      "count": 1,
      "frequency": 0.125,
    },
    {
      "chord": "V",
      "count": 1,
      "frequency": 0.125,
    },
    {
      "chord": "iii",
      "count": 1,
      "frequency": 0.125,
    },
    {
      "chord": "V7",
      "count": 1,
      "frequency": 0.125,
    },
  ],
  "seed": 4242,
  "tensionSummary": {
    "meanTension": 0.4,
    "meanTensionError": 0.0375,
    "peakStepIndex": 6,
    "peakTension": 0.9,
    "troughTension": 0.1,
  },
  "totalSteps": 8,
}
`;

exports[`D7.6 — generation trace snapshot > matches the score breakdowns for the first step 1`] = `
[
  {
    "contributions": [
      {
        "explanation": "affinity 0.60, circleDist 3 (proximity 0.50), stabilityx1.12 → 1.29",
        "factorId": "harmonicGravity",
        "rawScore": 1.288,
        "weightedScore": 1.288,
      },
      {
        "explanation": "predicted 0.15 vs target 0.20 (err 0.05) → 1.35",
        "factorId": "tensionFit",
        "rawScore": 1.35,
        "weightedScore": 1.35,
      },
      {
        "explanation": "tonic in beginning zone → 1.00",
        "factorId": "phraseFit",
        "rawScore": 1,
        "weightedScore": 1,
      },
      {
        "explanation": "cadenceStrength 0.00 × pressure 0.00 → 0.00",
        "factorId": "cadenceFit",
        "rawScore": 0,
        "weightedScore": 0,
      },
      {
        "explanation": "played 0× → 0.30",
        "factorId": "novelty",
        "rawScore": 0.3,
        "weightedScore": 0.24,
      },
      {
        "explanation": "expected move (no surprise cost)",
        "factorId": "surprise",
        "rawScore": 0,
        "weightedScore": 0,
      },
      {
        "explanation": "folk_stable: combined weight 1.00 → ln 0.00",
        "factorId": "style",
        "rawScore": 0,
        "weightedScore": 0,
      },
      {
        "explanation": "no memory pull",
        "factorId": "memory",
        "rawScore": 0,
        "weightedScore": 0,
      },
    ],
    "edgeId": "I->vi",
    "fromChord": "I",
    "probability": 0.589596,
    "selected": true,
    "toChord": "vi",
    "totalScore": 3.878,
  },
  {
    "contributions": [
      {
        "explanation": "affinity 0.65, circleDist 1 (proximity 0.83), stabilityx1.12 → 1.56",
        "factorId": "harmonicGravity",
        "rawScore": 1.558667,
        "weightedScore": 1.558667,
      },
      {
        "explanation": "predicted 0.45 vs target 0.20 (err 0.25) → 0.75",
        "factorId": "tensionFit",
        "rawScore": 0.75,
        "weightedScore": 0.75,
      },
      {
        "explanation": "predominant in beginning zone → 0.20",
        "factorId": "phraseFit",
        "rawScore": 0.2,
        "weightedScore": 0.2,
      },
      {
        "explanation": "cadenceStrength 0.00 × pressure 0.00 → 0.00",
        "factorId": "cadenceFit",
        "rawScore": 0,
        "weightedScore": 0,
      },
      {
        "explanation": "played 0× → 0.30",
        "factorId": "novelty",
        "rawScore": 0.3,
        "weightedScore": 0.24,
      },
      {
        "explanation": "expected move (no surprise cost)",
        "factorId": "surprise",
        "rawScore": 0,
        "weightedScore": 0,
      },
      {
        "explanation": "folk_stable: combined weight 1.00 → ln 0.00",
        "factorId": "style",
        "rawScore": 0,
        "weightedScore": 0,
      },
      {
        "explanation": "no memory pull",
        "factorId": "memory",
        "rawScore": 0,
        "weightedScore": 0,
      },
    ],
    "edgeId": "I->IV",
    "fromChord": "I",
    "probability": 0.143706,
    "selected": false,
    "toChord": "IV",
    "totalScore": 2.748667,
  },
  {
    "contributions": [
      {
        "explanation": "affinity 0.65, circleDist 2 (proximity 0.67), stabilityx1.12 → 1.47",
        "factorId": "harmonicGravity",
        "rawScore": 1.465333,
        "weightedScore": 1.465333,
      },
      {
        "explanation": "predicted 0.50 vs target 0.20 (err 0.30) → 0.60",
        "factorId": "tensionFit",
        "rawScore": 0.6,
        "weightedScore": 0.6,
      },
      {
        "explanation": "predominant in beginning zone → 0.20",
        "factorId": "phraseFit",
        "rawScore": 0.2,
        "weightedScore": 0.2,
      },
      {
        "explanation": "cadenceStrength 0.00 × pressure 0.00 → 0.00",
        "factorId": "cadenceFit",
        "rawScore": 0,
        "weightedScore": 0,
      },
      {
        "explanation": "played 0× → 0.30",
        "factorId": "novelty",
        "rawScore": 0.3,
        "weightedScore": 0.24,
      },
      {
        "explanation": "expected move (no surprise cost)",
        "factorId": "surprise",
        "rawScore": 0,
        "weightedScore": 0,
      },
      {
        "explanation": "folk_stable: combined weight 1.00 → ln 0.00",
        "factorId": "style",
        "rawScore": 0,
        "weightedScore": 0,
      },
      {
        "explanation": "no memory pull",
        "factorId": "memory",
        "rawScore": 0,
        "weightedScore": 0,
      },
    ],
    "edgeId": "I->ii",
    "fromChord": "I",
    "probability": 0.106017,
    "selected": false,
    "toChord": "ii",
    "totalScore": 2.505333,
  },
  {
    "contributions": [
      {
        "explanation": "affinity 0.45, circleDist 4 (proximity 0.33), stabilityx1.12 → 0.94",
        "factorId": "harmonicGravity",
        "rawScore": 0.942667,
        "weightedScore": 0.942667,
      },
      {
        "explanation": "predicted 0.25 vs target 0.20 (err 0.05) → 1.35",
        "factorId": "tensionFit",
        "rawScore": 1.35,
        "weightedScore": 1.35,
      },
      {
        "explanation": "mediant in beginning zone → 0.30",
        "factorId": "phraseFit",
        "rawScore": 0.3,
        "weightedScore": 0.3,
      },
      {
        "explanation": "cadenceStrength 0.00 × pressure 0.00 → 0.00",
        "factorId": "cadenceFit",
        "rawScore": 0,
        "weightedScore": 0,
      },
      {
        "explanation": "played 0× → 0.30",
        "factorId": "novelty",
        "rawScore": 0.3,
        "weightedScore": 0.24,
      },
      {
        "explanation": "cost 0.20 × 2.60 (budget 3.00/5) → -0.52",
        "factorId": "surprise",
        "rawScore": -0.52,
        "weightedScore": -0.52,
      },
      {
        "explanation": "folk_stable: combined weight 1.00 → ln 0.00",
        "factorId": "style",
        "rawScore": 0,
        "weightedScore": 0,
      },
      {
        "explanation": "no memory pull",
        "factorId": "memory",
        "rawScore": 0,
        "weightedScore": 0,
      },
    ],
    "edgeId": "I->iii",
    "fromChord": "I",
    "probability": 0.083327,
    "selected": false,
    "toChord": "iii",
    "totalScore": 2.312667,
  },
  {
    "contributions": [
      {
        "explanation": "affinity 0.40, circleDist 2 (proximity 0.67), stabilityx1.12 → 1.05",
        "factorId": "harmonicGravity",
        "rawScore": 1.045333,
        "weightedScore": 1.045333,
      },
      {
        "explanation": "predicted 0.35 vs target 0.20 (err 0.15) → 1.05",
        "factorId": "tensionFit",
        "rawScore": 1.05,
        "weightedScore": 1.05,
      },
      {
        "explanation": "modal in beginning zone → 0.00",
        "factorId": "phraseFit",
        "rawScore": 0,
        "weightedScore": 0,
      },
      {
        "explanation": "cadenceStrength 0.00 × pressure 0.00 → 0.00",
        "factorId": "cadenceFit",
        "rawScore": 0,
        "weightedScore": 0,
      },
      {
        "explanation": "played 0× → 0.30",
        "factorId": "novelty",
        "rawScore": 0.3,
        "weightedScore": 0.24,
      },
      {
        "explanation": "cost 0.20 × 2.60 (budget 3.00/5) → -0.52",
        "factorId": "surprise",
        "rawScore": -0.52,
        "weightedScore": -0.52,
      },
      {
        "explanation": "folk_stable: combined weight 0.90 → ln -0.11",
        "factorId": "style",
        "rawScore": -0.105361,
        "weightedScore": -0.094824,
      },
      {
        "explanation": "no memory pull",
        "factorId": "memory",
        "rawScore": 0,
        "weightedScore": 0,
      },
    ],
    "edgeId": "I->bVII",
    "fromChord": "I",
    "probability": 0.039749,
    "selected": false,
    "toChord": "bVII",
    "totalScore": 1.720509,
  },
  {
    "contributions": [
      {
        "explanation": "affinity 0.75, circleDist 1 (proximity 0.83), stabilityx1.12 → 1.73",
        "factorId": "harmonicGravity",
        "rawScore": 1.726667,
        "weightedScore": 1.726667,
      },
      {
        "explanation": "predicted 0.70 vs target 0.20 (err 0.50) → 0.00",
        "factorId": "tensionFit",
        "rawScore": 0,
        "weightedScore": 0,
      },
      {
        "explanation": "dominant in beginning zone → -0.60",
        "factorId": "phraseFit",
        "rawScore": -0.6,
        "weightedScore": -0.6,
      },
      {
        "explanation": "cadenceStrength 0.00 × pressure 0.00 → 0.00",
        "factorId": "cadenceFit",
        "rawScore": 0,
        "weightedScore": 0,
      },
      {
        "explanation": "played 0× → 0.30",
        "factorId": "novelty",
        "rawScore": 0.3,
        "weightedScore": 0.24,
      },
      {
        "explanation": "expected move (no surprise cost)",
        "factorId": "surprise",
        "rawScore": 0,
        "weightedScore": 0,
      },
      {
        "explanation": "folk_stable: combined weight 1.00 → ln 0.00",
        "factorId": "style",
        "rawScore": 0,
        "weightedScore": 0,
      },
      {
        "explanation": "no memory pull",
        "factorId": "memory",
        "rawScore": 0,
        "weightedScore": 0,
      },
    ],
    "edgeId": "I->V",
    "fromChord": "I",
    "probability": 0.025541,
    "selected": false,
    "toChord": "V",
    "totalScore": 1.366667,
  },
  {
    "contributions": [
      {
        "explanation": "affinity 0.75, circleDist 1 (proximity 0.83), stabilityx1.12 → 1.73",
        "factorId": "harmonicGravity",
        "rawScore": 1.726667,
        "weightedScore": 1.726667,
      },
      {
        "explanation": "predicted 0.90 vs target 0.20 (err 0.70) → -0.60",
        "factorId": "tensionFit",
        "rawScore": -0.6,
        "weightedScore": -0.6,
      },
      {
        "explanation": "dominant in beginning zone → -0.60",
        "factorId": "phraseFit",
        "rawScore": -0.6,
        "weightedScore": -0.6,
      },
      {
        "explanation": "cadenceStrength 0.00 × pressure 0.00 → 0.00",
        "factorId": "cadenceFit",
        "rawScore": 0,
        "weightedScore": 0,
      },
      {
        "explanation": "played 0× → 0.30",
        "factorId": "novelty",
        "rawScore": 0.3,
        "weightedScore": 0.24,
      },
      {
        "explanation": "expected move (no surprise cost)",
        "factorId": "surprise",
        "rawScore": 0,
        "weightedScore": 0,
      },
      {
        "explanation": "folk_stable: combined weight 1.00 → ln 0.00",
        "factorId": "style",
        "rawScore": 0,
        "weightedScore": 0,
      },
      {
        "explanation": "no memory pull",
        "factorId": "memory",
        "rawScore": 0,
        "weightedScore": 0,
      },
    ],
    "edgeId": "I->V7",
    "fromChord": "I",
    "probability": 0.012065,
    "selected": false,
    "toChord": "V7",
    "totalScore": 0.766667,
  },
]
`;

exports[`D7.6 — generation trace snapshot > matches the state snapshots 1`] = `
[
  {
    "cadence": {
      "isApproachingCadence": false,
    },
    "currentChord": "I",
    "currentTension": 0.1,
    "harmonicRegion": "tonic",
    "measureIndex": 0,
    "phraseLength": 4,
    "phrasePosition": -1,
    "recentChords": [
      "I",
    ],
    "surpriseBudget": 3,
    "targetTension": 0.2,
    "tensionVelocity": 0,
    "timeSinceDominant": 1,
    "timeSinceSubdominant": 1,
    "timeSinceTonic": 0,
  },
  {
    "cadence": {
      "isApproachingCadence": false,
    },
    "currentChord": "vi",
    "currentTension": 0.15,
    "harmonicRegion": "tonic",
    "measureIndex": 1,
    "phraseLength": 4,
    "phrasePosition": 0,
    "previousChord": "I",
    "recentChords": [
      "I",
      "vi",
    ],
    "surpriseBudget": 3.5,
    "targetTension": 0.2,
    "tensionVelocity": 0.05,
    "timeSinceDominant": 2,
    "timeSinceSubdominant": 2,
    "timeSinceTonic": 0,
  },
  {
    "cadence": {
      "isApproachingCadence": false,
    },
    "currentChord": "ii",
    "currentTension": 0.5,
    "harmonicRegion": "predominant",
    "measureIndex": 2,
    "phraseLength": 4,
    "phrasePosition": 1,
    "previousChord": "vi",
    "recentChords": [
      "I",
      "vi",
      "ii",
    ],
    "recentCircleDirection": "flatward",
    "surpriseBudget": 4,
    "targetTension": 0.5,
    "tensionVelocity": 0.35,
    "timeSinceDominant": 3,
    "timeSinceSubdominant": 0,
    "timeSinceTonic": 1,
  },
  {
    "cadence": {
      "expectedCadenceType": "authentic",
      "isApproachingCadence": true,
    },
    "currentChord": "V",
    "currentTension": 0.7,
    "harmonicRegion": "dominant",
    "measureIndex": 3,
    "phraseLength": 4,
    "phrasePosition": 2,
    "previousChord": "ii",
    "recentChords": [
      "I",
      "vi",
      "ii",
      "V",
    ],
    "recentCircleDirection": "sharpward",
    "surpriseBudget": 4.5,
    "targetTension": 0.85,
    "tensionVelocity": 0.2,
    "timeSinceDominant": 0,
    "timeSinceSubdominant": 1,
    "timeSinceTonic": 2,
  },
  {
    "cadence": {
      "isApproachingCadence": false,
      "lastCadenceType": "authentic",
      "stepsSinceLastCadence": 0,
    },
    "currentChord": "I",
    "currentTension": 0.1,
    "harmonicRegion": "tonic",
    "measureIndex": 4,
    "phraseLength": 4,
    "phrasePosition": 3,
    "previousChord": "V",
    "recentChords": [
      "I",
      "vi",
      "ii",
      "V",
      "I",
    ],
    "recentCircleDirection": "flatward",
    "surpriseBudget": 5,
    "targetTension": 0.1,
    "tensionVelocity": -0.6,
    "timeSinceDominant": 1,
    "timeSinceSubdominant": 2,
    "timeSinceTonic": 0,
  },
  {
    "cadence": {
      "isApproachingCadence": false,
      "lastCadenceType": "authentic",
      "stepsSinceLastCadence": 1,
    },
    "currentChord": "iii",
    "currentTension": 0.25,
    "harmonicRegion": "tonic",
    "measureIndex": 5,
    "phraseLength": 4,
    "phrasePosition": 0,
    "previousChord": "I",
    "recentChords": [
      "I",
      "vi",
      "ii",
      "V",
      "I",
      "iii",
    ],
    "recentCircleDirection": "flatward",
    "surpriseBudget": 5,
    "targetTension": 0.2,
    "tensionVelocity": 0.15,
    "timeSinceDominant": 2,
    "timeSinceSubdominant": 3,
    "timeSinceTonic": 1,
  },
  {
    "cadence": {
      "isApproachingCadence": false,
      "lastCadenceType": "authentic",
      "stepsSinceLastCadence": 2,
    },
    "currentChord": "ii",
    "currentTension": 0.5,
    "harmonicRegion": "predominant",
    "measureIndex": 6,
    "phraseLength": 4,
    "phrasePosition": 1,
    "previousChord": "iii",
    "recentChords": [
      "I",
      "vi",
      "ii",
      "V",
      "I",
      "iii",
      "ii",
    ],
    "recentCircleDirection": "flatward",
    "surpriseBudget": 5,
    "targetTension": 0.5,
    "tensionVelocity": 0.25,
    "timeSinceDominant": 3,
    "timeSinceSubdominant": 0,
    "timeSinceTonic": 2,
  },
  {
    "cadence": {
      "expectedCadenceType": "perfect_authentic",
      "isApproachingCadence": true,
      "lastCadenceType": "authentic",
      "stepsSinceLastCadence": 3,
    },
    "currentChord": "V7",
    "currentTension": 0.9,
    "harmonicRegion": "dominant",
    "measureIndex": 7,
    "phraseLength": 4,
    "phrasePosition": 2,
    "previousChord": "ii",
    "recentChords": [
      "I",
      "vi",
      "ii",
      "V",
      "I",
      "iii",
      "ii",
      "V7",
    ],
    "recentCircleDirection": "sharpward",
    "surpriseBudget": 5,
    "targetTension": 0.85,
    "tensionVelocity": 0.4,
    "timeSinceDominant": 0,
    "timeSinceSubdominant": 1,
    "timeSinceTonic": 3,
  },
  {
    "cadence": {
      "isApproachingCadence": false,
      "lastCadenceType": "perfect_authentic",
      "stepsSinceLastCadence": 0,
    },
    "currentChord": "I",
    "currentTension": 0.1,
    "harmonicRegion": "tonic",
    "measureIndex": 8,
    "phraseLength": 4,
    "phrasePosition": 3,
    "previousChord": "V7",
    "recentChords": [
      "vi",
      "ii",
      "V",
      "I",
      "iii",
      "ii",
      "V7",
      "I",
    ],
    "recentCircleDirection": "flatward",
    "surpriseBudget": 5,
    "targetTension": 0.1,
    "tensionVelocity": -0.8,
    "timeSinceDominant": 1,
    "timeSinceSubdominant": 2,
    "timeSinceTonic": 0,
  },
]
`;
