// Vitest Snapshot v1, https://vitest.dev/guide/snapshot.html

exports[`V9.7 — topology graph data snapshot > matches the projected topology graph 1`] = `
{
  "directed": true,
  "edges": [
    {
      "data": {
        "baseAffinity": 0.65,
        "cadenceStrength": 0,
        "circleDistance": 1,
        "functionalMotion": "tonic_to_subdominant",
        "styleTags": [],
        "surpriseCost": 0,
        "tensionDelta": 0.35,
      },
      "id": "I->IV",
      "label": "tonic_to_subdominant",
      "source": "I",
      "target": "IV",
      "weight": 0.65,
    },
    {
      "data": {
        "baseAffinity": 0.75,
        "cadenceStrength": 0,
        "circleDistance": 1,
        "functionalMotion": "tonic_to_dominant",
        "styleTags": [],
        "surpriseCost": 0,
        "tensionDelta": 0.6,
      },
      "id": "I->V",
      "label": "tonic_to_dominant",
      "source": "I",
      "target": "V",
      "weight": 0.75,
    },
    {
      "data": {
        "baseAffinity": 0.75,
        "cadenceStrength": 0,
        "circleDistance": 1,
        "functionalMotion": "tonic_to_dominant",
        "styleTags": [],
        "surpriseCost": 0,
        "tensionDelta": 0.8,
      },
      "id": "I->V7",
      "label": "tonic_to_dominant",
      "source": "I",
      "target": "V7",
      "weight": 0.75,
    },
    {
      "data": {
        "baseAffinity": 0.65,
        "cadenceStrength": 0,
        "circleDistance": 2,
        "functionalMotion": "tonic_to_subdominant",
        "styleTags": [],
        "surpriseCost": 0,
        "tensionDelta": 0.4,
      },
      "id": "I->ii",
      "label": "tonic_to_subdominant",
      "source": "I",
      "target": "ii",
      "weight": 0.65,
    },
    {
      "data": {
        "baseAffinity": 0.6,
        "cadenceStrength": 0,
        "circleDistance": 3,
        "functionalMotion": "neutral",
        "styleTags": [],
        "surpriseCost": 0,
        "tensionDelta": 0.04999999999999999,
      },
      "id": "I->vi",
      "label": "neutral",
      "source": "I",
      "target": "vi",
      "weight": 0.6,
    },
    {
      "data": {
        "baseAffinity": 0.45,
        "cadenceStrength": 0,
        "circleDistance": 4,
        "functionalMotion": "neutral",
        "styleTags": [],
        "surpriseCost": 0.2,
        "tensionDelta": 0.15,
      },
      "id": "I->iii",
      "label": "neutral",
      "source": "I",
      "target": "iii",
      "weight": 0.45,
    },
    {
      "data": {
        "baseAffinity": 0.4,
        "cadenceStrength": 0,
        "circleDistance": 2,
        "functionalMotion": "neutral",
        "styleTags": [
          "folk",
          "modal",
        ],
        "surpriseCost": 0.2,
        "tensionDelta": 0.24999999999999997,
      },
      "id": "I->bVII",
      "label": "neutral",
      "source": "I",
      "target": "bVII",
      "weight": 0.4,
    },
    {
      "data": {
        "baseAffinity": 0.8,
        "cadenceStrength": 0,
        "circleDistance": 1,
        "functionalMotion": "predominant_to_dominant",
        "styleTags": [
          "classical",
        ],
        "surpriseCost": 0,
        "tensionDelta": 0.19999999999999996,
      },
      "id": "ii->V",
      "label": "predominant_to_dominant",
      "source": "ii",
      "target": "V",
      "weight": 0.8,
    },
    {
      "data": {
        "baseAffinity": 0.8,
        "cadenceStrength": 0,
        "circleDistance": 1,
        "functionalMotion": "predominant_to_dominant",
        "styleTags": [
          "classical",
        ],
        "surpriseCost": 0,
        "tensionDelta": 0.4,
      },
      "id": "ii->V7",
      "label": "predominant_to_dominant",
      "source": "ii",
      "target": "V7",
      "weight": 0.8,
    },
    {
      "data": {
        "baseAffinity": 0.4,
        "cadenceStrength": 0,
        "circleDistance": 3,
        "functionalMotion": "neutral",
        "styleTags": [],
        "surpriseCost": 0.35,
        "tensionDelta": -0.04999999999999999,
      },
      "id": "ii->IV",
      "label": "neutral",
      "source": "ii",
      "target": "IV",
      "weight": 0.4,
    },
    {
      "data": {
        "baseAffinity": 0.55,
        "cadenceStrength": 0,
        "circleDistance": 1,
        "functionalMotion": "neutral",
        "styleTags": [],
        "surpriseCost": 0.1,
        "tensionDelta": -0.1,
      },
      "id": "iii->vi",
      "label": "neutral",
      "source": "iii",
      "target": "vi",
      "weight": 0.55,
    },
    {
      "data": {
        "baseAffinity": 0.45,
        "cadenceStrength": 0,
        "circleDistance": 5,
        "functionalMotion": "stepwise_ascending",
        "styleTags": [],
        "surpriseCost": 0.15,
        "tensionDelta": 0.2,
      },
      "id": "iii->IV",
      "label": "stepwise_ascending",
      "source": "iii",
      "target": "IV",
      "weight": 0.45,
    },
    {
      "data": {
        "baseAffinity": 0.5,
        "cadenceStrength": 0,
        "circleDistance": 2,
        "functionalMotion": "stepwise_descending",
        "styleTags": [],
        "surpriseCost": 0.15,
        "tensionDelta": 0.25,
      },
      "id": "iii->ii",
      "label": "stepwise_descending",
      "source": "iii",
      "target": "ii",
      "weight": 0.5,
    },
    {
      "data": {
        "baseAffinity": 0.8,
        "cadenceStrength": 0,
        "circleDistance": 2,
        "functionalMotion": "predominant_to_dominant",
        "styleTags": [
          "classical",
        ],
        "surpriseCost": 0,
        "tensionDelta": 0.24999999999999994,
      },
      "id": "IV->V",
      "label": "predominant_to_dominant",
      "source": "IV",
      "target": "V",
      "weight": 0.8,
    },
    {
      "data": {
        "baseAffinity": 0.8,
        "cadenceStrength": 0,
        "circleDistance": 2,
        "functionalMotion": "predominant_to_dominant",
        "styleTags": [
          "classical",
        ],
        "surpriseCost": 0,
        "tensionDelta": 0.45,
      },
      "id": "IV->V7",
      "label": "predominant_to_dominant",
      "source": "IV",
      "target": "V7",
      "weight": 0.8,
    },
    {
      "data": {
        "baseAffinity": 0.65,
        "cadenceStrength": 0.55,
        "circleDistance": 1,
        "functionalMotion": "retrogression",
        "styleTags": [
          "cadential",
          "folk",
        ],
        "surpriseCost": 0,
        "tensionDelta": -0.35,
      },
      "id": "IV->I",
      "label": "retrogression",
      "source": "IV",
      "target": "I",
      "weight": 0.65,
    },
    {
      "data": {
        "baseAffinity": 0.4,
        "cadenceStrength": 0,
        "circleDistance": 3,
        "functionalMotion": "neutral",
        "styleTags": [],
        "surpriseCost": 0.35,
        "tensionDelta": 0.04999999999999999,
      },
      "id": "IV->ii",
      "label": "neutral",
      "source": "IV",
      "target": "ii",
      "weight": 0.4,
    },
    {
      "data": {
        "baseAffinity": 0.8,
        "cadenceStrength": 0,
        "circleDistance": 6,
        "functionalMotion": "predominant_to_dominant",
        "styleTags": [
          "classical",
        ],
        "surpriseCost": 0,
        "tensionDelta": 0.39999999999999997,
      },
      "id": "IV->vii°",
      "label": "predominant_to_dominant",
      "source": "IV",
      "target": "vii°",
      "weight": 0.8,
    },
    {
      "data": {
        "baseAffinity": 0.9,
        "cadenceStrength": 0.85,
        "circleDistance": 1,
        "functionalMotion": "dominant_to_tonic",
        "styleTags": [
          "cadential",
          "classical",
        ],
        "surpriseCost": 0,
        "tensionDelta": -0.6,
      },
      "id": "V->I",
      "label": "dominant_to_tonic",
      "source": "V",
      "target": "I",
      "weight": 0.9,
    },
    {
      "data": {
        "baseAffinity": 0.55,
        "cadenceStrength": 0.4,
        "circleDistance": 2,
        "functionalMotion": "deceptive",
        "styleTags": [
          "cadential",
          "classical",
          "deceptive",
        ],
        "surpriseCost": 0.1,
        "tensionDelta": -0.5499999999999999,
      },
      "id": "V->vi",
      "label": "deceptive",
      "source": "V",
      "target": "vi",
      "weight": 0.55,
    },
    {
      "data": {
        "baseAffinity": 0.7,
        "cadenceStrength": 0,
        "circleDistance": 0,
        "functionalMotion": "neutral",
        "styleTags": [],
        "surpriseCost": 0,
        "tensionDelta": 0.20000000000000007,
      },
      "id": "V->V7",
      "label": "neutral",
      "source": "V",
      "target": "V7",
      "weight": 0.7,
    },
    {
      "data": {
        "baseAffinity": 0.35,
        "cadenceStrength": 0.1,
        "circleDistance": 2,
        "functionalMotion": "retrogression",
        "styleTags": [
          "blues_rock",
          "folk",
        ],
        "surpriseCost": 0.25,
        "tensionDelta": -0.24999999999999994,
      },
      "id": "V->IV",
      "label": "retrogression",
      "source": "V",
      "target": "IV",
      "weight": 0.35,
    },
    {
      "data": {
        "baseAffinity": 0.9,
        "cadenceStrength": 1,
        "circleDistance": 1,
        "functionalMotion": "dominant_to_tonic",
        "styleTags": [
          "cadential",
          "classical",
        ],
        "surpriseCost": 0,
        "tensionDelta": -0.8,
      },
      "id": "V7->I",
      "label": "dominant_to_tonic",
      "source": "V7",
      "target": "I",
      "weight": 0.9,
    },
    {
      "data": {
        "baseAffinity": 0.55,
        "cadenceStrength": 0.4,
        "circleDistance": 2,
        "functionalMotion": "deceptive",
        "styleTags": [
          "cadential",
          "classical",
          "deceptive",
        ],
        "surpriseCost": 0.1,
        "tensionDelta": -0.75,
      },
      "id": "V7->vi",
      "label": "deceptive",
      "source": "V7",
      "target": "vi",
      "weight": 0.55,
    },
    {
      "data": {
        "baseAffinity": 0.65,
        "cadenceStrength": 0,
        "circleDistance": 1,
        "functionalMotion": "tonic_to_subdominant",
        "styleTags": [],
        "surpriseCost": 0,
        "tensionDelta": 0.35,
      },
      "id": "vi->ii",
      "label": "tonic_to_subdominant",
      "source": "vi",
      "target": "ii",
      "weight": 0.65,
    },
    {
      "data": {
        "baseAffinity": 0.65,
        "cadenceStrength": 0,
        "circleDistance": 4,
        "functionalMotion": "tonic_to_subdominant",
        "styleTags": [],
        "surpriseCost": 0,
        "tensionDelta": 0.30000000000000004,
      },
      "id": "vi->IV",
      "label": "tonic_to_subdominant",
      "source": "vi",
      "target": "IV",
      "weight": 0.65,
    },
    {
      "data": {
        "baseAffinity": 0.75,
        "cadenceStrength": 0,
        "circleDistance": 2,
        "functionalMotion": "tonic_to_dominant",
        "styleTags": [],
        "surpriseCost": 0,
        "tensionDelta": 0.5499999999999999,
      },
      "id": "vi->V",
      "label": "tonic_to_dominant",
      "source": "vi",
      "target": "V",
      "weight": 0.75,
    },
    {
      "data": {
        "baseAffinity": 0.75,
        "cadenceStrength": 0,
        "circleDistance": 2,
        "functionalMotion": "tonic_to_dominant",
        "styleTags": [],
        "surpriseCost": 0,
        "tensionDelta": 0.75,
      },
      "id": "vi->V7",
      "label": "tonic_to_dominant",
      "source": "vi",
      "target": "V7",
      "weight": 0.75,
    },
    {
      "data": {
        "baseAffinity": 0.5,
        "cadenceStrength": 0,
        "circleDistance": 3,
        "functionalMotion": "neutral",
        "styleTags": [],
        "surpriseCost": 0.1,
        "tensionDelta": -0.04999999999999999,
      },
      "id": "vi->I",
      "label": "neutral",
      "source": "vi",
      "target": "I",
      "weight": 0.5,
    },
    {
      "data": {
        "baseAffinity": 0.9,
        "cadenceStrength": 0.75,
        "circleDistance": 5,
        "functionalMotion": "dominant_to_tonic",
        "styleTags": [
          "cadential",
          "classical",
        ],
        "surpriseCost": 0,
        "tensionDelta": -0.75,
      },
      "id": "vii°->I",
      "label": "dominant_to_tonic",
      "source": "vii°",
      "target": "I",
      "weight": 0.9,
    },
    {
      "data": {
        "baseAffinity": 0.55,
        "cadenceStrength": 0.4,
        "circleDistance": 2,
        "functionalMotion": "deceptive",
        "styleTags": [
          "cadential",
          "classical",
          "deceptive",
        ],
        "surpriseCost": 0.1,
        "tensionDelta": -0.7,
      },
      "id": "vii°->vi",
      "label": "deceptive",
      "source": "vii°",
      "target": "vi",
      "weight": 0.55,
    },
    {
      "data": {
        "baseAffinity": 0.6,
        "cadenceStrength": 0.5,
        "circleDistance": 2,
        "functionalMotion": "modal_return",
        "styleTags": [
          "folk",
          "modal",
        ],
        "surpriseCost": 0.1,
        "tensionDelta": -0.24999999999999997,
      },
      "id": "bVII->I",
      "label": "modal_return",
      "source": "bVII",
      "target": "I",
      "weight": 0.6,
    },
    {
      "data": {
        "baseAffinity": 0.5,
        "cadenceStrength": 0,
        "circleDistance": 1,
        "functionalMotion": "neutral",
        "styleTags": [
          "folk",
          "modal",
        ],
        "surpriseCost": 0.2,
        "tensionDelta": 0.10000000000000003,
      },
      "id": "bVII->IV",
      "label": "neutral",
      "source": "bVII",
      "target": "IV",
      "weight": 0.5,
    },
  ],
  "nodes": [
    {
      "data": {
        "accidentalOffset": 0,
        "harmonicFunction": "tonic",
        "quality": "major",
        "scaleDegree": 1,
        "sourceMode": "diatonic",
      },
      "id": "I",
      "label": "I",
    },
    {
      "data": {
        "accidentalOffset": 0,
        "harmonicFunction": "predominant",
        "quality": "minor",
        "scaleDegree": 2,
        "sourceMode": "diatonic",
      },
      "id": "ii",
      "label": "ii",
    },
    {
      "data": {
        "accidentalOffset": 0,
        "harmonicFunction": "mediant",
        "quality": "minor",
        "scaleDegree": 3,
        "sourceMode": "diatonic",
      },
      "id": "iii",
      "label": "iii",
    },
    {
      "data": {
        "accidentalOffset": 0,
        "harmonicFunction": "predominant",
        "quality": "major",
        "scaleDegree": 4,
        "sourceMode": "diatonic",
      },
      "id": "IV",
      "label": "IV",
    },
    {
      "data": {
        "accidentalOffset": 0,
        "harmonicFunction": "dominant",
        "quality": "major",
        "scaleDegree": 5,
        "sourceMode": "diatonic",
      },
      "id": "V",
      "label": "V",
    },
    {
      "data": {
        "accidentalOffset": 0,
        "harmonicFunction": "dominant",
        "quality": "dominant_seventh",
        "scaleDegree": 5,
        "sourceMode": "diatonic",
      },
      "id": "V7",
      "label": "V7",
    },
    {
      "data": {
        "accidentalOffset": 0,
        "harmonicFunction": "tonic",
        "quality": "minor",
        "scaleDegree": 6,
        "sourceMode": "diatonic",
      },
      "id": "vi",
      "label": "vi",
    },
    {
      "data": {
        "accidentalOffset": 0,
        "harmonicFunction": "dominant",
        "quality": "diminished",
        "scaleDegree": 7,
        "sourceMode": "diatonic",
      },
      "id": "vii°",
      "label": "vii°",
    },
    {
      "data": {
        "accidentalOffset": -1,
        "harmonicFunction": "modal",
        "quality": "major",
        "scaleDegree": 7,
        "sourceMode": "modal",
      },
      "id": "bVII",
      "label": "bVII",
    },
  ],
}
`;
